Archive member included to satisfy reference by file (symbol)

c:/users/admin/appdata/roaming/xpacks/@xpack-dev-tools/arm-none-eabi-gcc/12.2.1-1.2.1/.content/bin/../lib/gcc/arm-none-eabi/12.2.1/thumb/v7e-m/nofp\libgcc.a(_aeabi_uldivmod.o)
                              ./system/src/stm32f4-hal/stm32f4xx_hal_rcc.o (__aeabi_uldivmod)
c:/users/admin/appdata/roaming/xpacks/@xpack-dev-tools/arm-none-eabi-gcc/12.2.1-1.2.1/.content/bin/../lib/gcc/arm-none-eabi/12.2.1/thumb/v7e-m/nofp\libgcc.a(_udivmoddi4.o)
                              c:/users/admin/appdata/roaming/xpacks/@xpack-dev-tools/arm-none-eabi-gcc/12.2.1-1.2.1/.content/bin/../lib/gcc/arm-none-eabi/12.2.1/thumb/v7e-m/nofp\libgcc.a(_aeabi_uldivmod.o) (__udivmoddi4)
c:/users/admin/appdata/roaming/xpacks/@xpack-dev-tools/arm-none-eabi-gcc/12.2.1-1.2.1/.content/bin/../lib/gcc/arm-none-eabi/12.2.1/thumb/v7e-m/nofp\libgcc.a(_dvmd_tls.o)
                              c:/users/admin/appdata/roaming/xpacks/@xpack-dev-tools/arm-none-eabi-gcc/12.2.1-1.2.1/.content/bin/../lib/gcc/arm-none-eabi/12.2.1/thumb/v7e-m/nofp\libgcc.a(_aeabi_uldivmod.o) (__aeabi_ldiv0)
c:/users/admin/appdata/roaming/xpacks/@xpack-dev-tools/arm-none-eabi-gcc/12.2.1-1.2.1/.content/bin/../lib/gcc/arm-none-eabi/12.2.1/../../../../arm-none-eabi/lib/thumb/v7e-m/nofp\libg_nano.a(libc_a-ctype_.o)
                              ./system/src/newlib/syscalls.o (_ctype_)
c:/users/admin/appdata/roaming/xpacks/@xpack-dev-tools/arm-none-eabi-gcc/12.2.1-1.2.1/.content/bin/../lib/gcc/arm-none-eabi/12.2.1/../../../../arm-none-eabi/lib/thumb/v7e-m/nofp\libg_nano.a(libc_a-printf.o)
                              ./src/main.o (printf)
c:/users/admin/appdata/roaming/xpacks/@xpack-dev-tools/arm-none-eabi-gcc/12.2.1-1.2.1/.content/bin/../lib/gcc/arm-none-eabi/12.2.1/../../../../arm-none-eabi/lib/thumb/v7e-m/nofp\libg_nano.a(libc_a-vsnprintf.o)
                              ./system/src/diag/trace.o (vsnprintf)
c:/users/admin/appdata/roaming/xpacks/@xpack-dev-tools/arm-none-eabi-gcc/12.2.1-1.2.1/.content/bin/../lib/gcc/arm-none-eabi/12.2.1/../../../../arm-none-eabi/lib/thumb/v7e-m/nofp\libg_nano.a(libc_a-memset.o)
                              ./system/src/newlib/syscalls.o (memset)
c:/users/admin/appdata/roaming/xpacks/@xpack-dev-tools/arm-none-eabi-gcc/12.2.1-1.2.1/.content/bin/../lib/gcc/arm-none-eabi/12.2.1/../../../../arm-none-eabi/lib/thumb/v7e-m/nofp\libg_nano.a(libc_a-strncpy.o)
                              ./system/src/newlib/syscalls.o (strncpy)
c:/users/admin/appdata/roaming/xpacks/@xpack-dev-tools/arm-none-eabi-gcc/12.2.1-1.2.1/.content/bin/../lib/gcc/arm-none-eabi/12.2.1/../../../../arm-none-eabi/lib/thumb/v7e-m/nofp\libg_nano.a(libc_a-asctime.o)
                              ./src/main.o (asctime)
c:/users/admin/appdata/roaming/xpacks/@xpack-dev-tools/arm-none-eabi-gcc/12.2.1-1.2.1/.content/bin/../lib/gcc/arm-none-eabi/12.2.1/../../../../arm-none-eabi/lib/thumb/v7e-m/nofp\libg_nano.a(libc_a-asctime_r.o)
                              c:/users/admin/appdata/roaming/xpacks/@xpack-dev-tools/arm-none-eabi-gcc/12.2.1-1.2.1/.content/bin/../lib/gcc/arm-none-eabi/12.2.1/../../../../arm-none-eabi/lib/thumb/v7e-m/nofp\libg_nano.a(libc_a-asctime.o) (asctime_r)
c:/users/admin/appdata/roaming/xpacks/@xpack-dev-tools/arm-none-eabi-gcc/12.2.1-1.2.1/.content/bin/../lib/gcc/arm-none-eabi/12.2.1/../../../../arm-none-eabi/lib/thumb/v7e-m/nofp\libg_nano.a(libc_a-lcltime.o)
                              ./src/main.o (localtime)
c:/users/admin/appdata/roaming/xpacks/@xpack-dev-tools/arm-none-eabi-gcc/12.2.1-1.2.1/.content/bin/../lib/gcc/arm-none-eabi/12.2.1/../../../../arm-none-eabi/lib/thumb/v7e-m/nofp\libg_nano.a(libc_a-lcltime_r.o)
                              c:/users/admin/appdata/roaming/xpacks/@xpack-dev-tools/arm-none-eabi-gcc/12.2.1-1.2.1/.content/bin/../lib/gcc/arm-none-eabi/12.2.1/../../../../arm-none-eabi/lib/thumb/v7e-m/nofp\libg_nano.a(libc_a-lcltime.o) (localtime_r)
c:/users/admin/appdata/roaming/xpacks/@xpack-dev-tools/arm-none-eabi-gcc/12.2.1-1.2.1/.content/bin/../lib/gcc/arm-none-eabi/12.2.1/../../../../arm-none-eabi/lib/thumb/v7e-m/nofp\libg_nano.a(libc_a-month_lengths.o)
                              c:/users/admin/appdata/roaming/xpacks/@xpack-dev-tools/arm-none-eabi-gcc/12.2.1-1.2.1/.content/bin/../lib/gcc/arm-none-eabi/12.2.1/../../../../arm-none-eabi/lib/thumb/v7e-m/nofp\libg_nano.a(libc_a-lcltime_r.o) (__month_lengths)
c:/users/admin/appdata/roaming/xpacks/@xpack-dev-tools/arm-none-eabi-gcc/12.2.1-1.2.1/.content/bin/../lib/gcc/arm-none-eabi/12.2.1/../../../../arm-none-eabi/lib/thumb/v7e-m/nofp\libg_nano.a(libc_a-time.o)
                              ./src/main.o (time)
c:/users/admin/appdata/roaming/xpacks/@xpack-dev-tools/arm-none-eabi-gcc/12.2.1-1.2.1/.content/bin/../lib/gcc/arm-none-eabi/12.2.1/../../../../arm-none-eabi/lib/thumb/v7e-m/nofp\libg_nano.a(libc_a-tzcalc_limits.o)
[...]
Memory Configuration

Name             Origin             Length             Attributes
RAM              0x0000000020000000 0x0000000000020000 xrw
CCMRAM           0x0000000010000000 0x0000000000010000 xrw
FLASH            0x0000000008000000 0x0000000000100000 xr
FLASHB1          0x0000000000000000 0x0000000000000000 xr
EXTMEMB0         0x0000000000000000 0x0000000000000000 xr
EXTMEMB1         0x0000000000000000 0x0000000000000000 xr
EXTMEMB2         0x0000000000000000 0x0000000000000000 xr
EXTMEMB3         0x0000000000000000 0x0000000000000000 xr
MEMORY_ARRAY     0x0000000020002000 0x0000000000000020 xrw
*default*        0x0000000000000000 0xffffffffffffffff

Linker script and memory map

LOAD ./system/src/stm32f4-hal/stm32f4xx_hal.o
LOAD ./system/src/stm32f4-hal/stm32f4xx_hal_cortex.o
LOAD ./system/src/stm32f4-hal/stm32f4xx_hal_flash.o
LOAD ./system/src/stm32f4-hal/stm32f4xx_hal_flash_ex.o
LOAD ./system/src/stm32f4-hal/stm32f4xx_hal_flash_ramfunc.o
LOAD ./system/src/stm32f4-hal/stm32f4xx_hal_gpio.o
LOAD ./system/src/stm32f4-hal/stm32f4xx_hal_iwdg.o
LOAD ./system/src/stm32f4-hal/stm32f4xx_hal_pwr.o
LOAD ./system/src/stm32f4-hal/stm32f4xx_hal_rcc.o
LOAD ./system/src/newlib/assert.o
LOAD ./system/src/newlib/cxx.o
LOAD ./system/src/newlib/exit.o
LOAD ./system/src/newlib/sbrk.o
LOAD ./system/src/newlib/startup.o
LOAD ./system/src/newlib/syscalls.o
LOAD ./system/src/diag/trace-impl.o
LOAD ./system/src/diag/trace.o
LOAD ./system/src/cortexm/exception-handlers.o
LOAD ./system/src/cortexm/initialize-hardware.o
LOAD ./system/src/cortexm/reset-hardware.o
LOAD ./system/src/cmsis/system_stm32f4xx.o
LOAD ./system/src/cmsis/vectors_stm32f407xx.o
LOAD ./src/initialize-hardware.o
LOAD ./src/led.o
LOAD ./src/main.o
LOAD ./src/stm32f4xx_hal_msp.o
LOAD ./src/timer.o
LOAD ./src/write.o
LOAD c:/users/admin/appdata/roaming/xpacks/@xpack-dev-tools/arm-none-eabi-gcc/12.2.1-1.2.1/.content/bin/../lib/gcc/arm-none-eabi/12.2.1/../../../../arm-none-eabi/lib/thumb/v7e-m/nofp\libstdc++_nano.a
LOAD c:/users/admin/appdata/roaming/xpacks/@xpack-dev-tools/arm-none-eabi-gcc/12.2.1-1.2.1/.content/bin/../lib/gcc/arm-none-eabi/12.2.1/../../../../arm-none-eabi/lib/thumb/v7e-m/nofp\libm.a
START GROUP
LOAD c:/users/admin/appdata/roaming/xpacks/@xpack-dev-tools/arm-none-eabi-gcc/12.2.1-1.2.1/.content/bin/../lib/gcc/arm-none-eabi/12.2.1/thumb/v7e-m/nofp\libgcc.a
LOAD c:/users/admin/appdata/roaming/xpacks/@xpack-dev-tools/arm-none-eabi-gcc/12.2.1-1.2.1/.content/bin/../lib/gcc/arm-none-eabi/12.2.1/../../../../arm-none-eabi/lib/thumb/v7e-m/nofp\libg_nano.a
LOAD c:/users/admin/appdata/roaming/xpacks/@xpack-dev-tools/arm-none-eabi-gcc/12.2.1-1.2.1/.content/bin/../lib/gcc/arm-none-eabi/12.2.1/../../../../arm-none-eabi/lib/thumb/v7e-m/nofp\libc_nano.a
END GROUP
START GROUP
LOAD c:/users/admin/appdata/roaming/xpacks/@xpack-dev-tools/arm-none-eabi-gcc/12.2.1-1.2.1/.content/bin/../lib/gcc/arm-none-eabi/12.2.1/thumb/v7e-m/nofp\libgcc.a
LOAD c:/users/admin/appdata/roaming/xpacks/@xpack-dev-tools/arm-none-eabi-gcc/12.2.1-1.2.1/.content/bin/../lib/gcc/arm-none-eabi/12.2.1/../../../../arm-none-eabi/lib/thumb/v7e-m/nofp\libc_nano.a
END GROUP
                0x0000000020020000                __stack = (ORIGIN (RAM) + LENGTH (RAM))
                0x0000000020020000                _estack = __stack
                0x0000000000000400                __Main_Stack_Size = 0x400
                [!provide]                        PROVIDE (_Main_Stack_Size = __Main_Stack_Size)
                0x000000002001fc00                __Main_Stack_Limit = (__stack - __Main_Stack_Size)
                [!provide]                        PROVIDE (_Main_Stack_Limit = __Main_Stack_Limit)
                0x0000000000000100                _Minimum_Stack_Size = 0x100
                0x0000000020000400                PROVIDE (_Heap_Begin = _end_noinit)
                0x000000002001fc00                PROVIDE (_Heap_Limit = (__stack - __Main_Stack_Size))

.isr_vector     0x0000000008000000      0x3e8
 FILL mask 0xff
                0x0000000008000000                __vectors_start = ABSOLUTE (.)
                0x0000000008000000                __vectors_start__ = ABSOLUTE (.)
 *(.isr_vector)
 .isr_vector    0x0000000008000000      0x188 ./system/src/cmsis/vectors_stm32f407xx.o
                0x0000000008000000                __isr_vectors
 *(.cfmconfig)
 *(.after_vectors .after_vectors.*)
 .after_vectors
                0x0000000008000188      0x130 ./system/src/newlib/startup.o
                0x0000000008000188                _start
 .after_vectors
                0x00000000080002b8      0x12c ./system/src/cortexm/exception-handlers.o
                0x00000000080002b8                Reset_Handler
                0x00000000080002be                NMI_Handler
                0x00000000080002c2                HardFault_Handler
                0x00000000080002d6                HardFault_Handler_C
                0x0000000008000334                MemManage_Handler
                0x0000000008000338                BusFault_Handler
                0x000000000800034c                BusFault_Handler_C
                0x0000000008000380                UsageFault_Handler
                0x0000000008000394                UsageFault_Handler_C
                0x00000000080003c8                SVC_Handler
                0x00000000080003cc                DebugMon_Handler
                0x00000000080003d0                PendSV_Handler
 .after_vectors
                0x00000000080003e4        0x4 ./system/src/cmsis/vectors_stm32f407xx.o
                0x00000000080003e4                RTC_Alarm_IRQHandler
                0x00000000080003e4                HASH_RNG_IRQHandler
                0x00000000080003e4                EXTI2_IRQHandler
                0x00000000080003e4                TIM8_CC_IRQHandler
                0x00000000080003e4                TIM1_CC_IRQHandler
                0x00000000080003e4                DMA2_Stream5_IRQHandler
                0x00000000080003e4                DMA1_Stream5_IRQHandler
                0x00000000080003e4                PVD_IRQHandler
                0x00000000080003e4                SDIO_IRQHandler
                0x00000000080003e4                TAMP_STAMP_IRQHandler
                0x00000000080003e4                CAN2_RX1_IRQHandler
                0x00000000080003e4                EXTI3_IRQHandler
                0x00000000080003e4                TIM8_TRG_COM_TIM14_IRQHandler
                0x00000000080003e4                TIM1_UP_TIM10_IRQHandler
                0x00000000080003e4                TIM8_UP_TIM13_IRQHandler
                0x00000000080003e4                I2C3_ER_IRQHandler
                0x00000000080003e4                EXTI0_IRQHandler
                0x00000000080003e4                I2C2_EV_IRQHandler
                0x00000000080003e4                DMA1_Stream2_IRQHandler
                0x00000000080003e4                CAN1_RX0_IRQHandler
                0x00000000080003e4                FPU_IRQHandler
                0x00000000080003e4                OTG_HS_WKUP_IRQHandler
                0x00000000080003e4                CAN2_SCE_IRQHandler
                0x00000000080003e4                DMA2_Stream2_IRQHandler
                0x00000000080003e4                SPI1_IRQHandler
                0x00000000080003e4                TIM6_DAC_IRQHandler
                0x00000000080003e4                TIM1_BRK_TIM9_IRQHandler
                0x00000000080003e4                DCMI_IRQHandler
                0x00000000080003e4                CAN2_RX0_IRQHandler
                0x00000000080003e4                DMA2_Stream3_IRQHandler
                0x00000000080003e4                USART6_IRQHandler
                0x00000000080003e4                USART3_IRQHandler
                0x00000000080003e4                CAN1_RX1_IRQHandler
                0x00000000080003e4                UART5_IRQHandler
                0x00000000080003e4                DMA2_Stream0_IRQHandler
                0x00000000080003e4                TIM4_IRQHandler
                0x00000000080003e4                I2C1_EV_IRQHandler
                0x00000000080003e4                DMA1_Stream6_IRQHandler
                0x00000000080003e4                DMA1_Stream1_IRQHandler
                0x00000000080003e4                UART4_IRQHandler
                0x00000000080003e4                TIM3_IRQHandler
                0x00000000080003e4                RCC_IRQHandler
                0x00000000080003e4                TIM8_BRK_TIM12_IRQHandler
                0x00000000080003e4                Default_Handler
                0x00000000080003e4                EXTI15_10_IRQHandler
                0x00000000080003e4                ADC_IRQHandler
                0x00000000080003e4                DMA1_Stream7_IRQHandler
                0x00000000080003e4                TIM7_IRQHandler
                0x00000000080003e4                CAN2_TX_IRQHandler
                0x00000000080003e4                TIM5_IRQHandler
                0x00000000080003e4                DMA2_Stream7_IRQHandler
                0x00000000080003e4                I2C3_EV_IRQHandler
                0x00000000080003e4                EXTI9_5_IRQHandler
                0x00000000080003e4                RTC_WKUP_IRQHandler
                0x00000000080003e4                ETH_WKUP_IRQHandler
                0x00000000080003e4                SPI2_IRQHandler
                0x00000000080003e4                OTG_HS_EP1_IN_IRQHandler
                0x00000000080003e4                DMA1_Stream0_IRQHandler
                0x00000000080003e4                CAN1_TX_IRQHandler
                0x00000000080003e4                EXTI4_IRQHandler
                0x00000000080003e4                ETH_IRQHandler
                0x00000000080003e4                OTG_HS_EP1_OUT_IRQHandler
                0x00000000080003e4                WWDG_IRQHandler
                0x00000000080003e4                TIM2_IRQHandler
                0x00000000080003e4                OTG_FS_WKUP_IRQHandler
                0x00000000080003e4                TIM1_TRG_COM_TIM11_IRQHandler
                0x00000000080003e4                OTG_HS_IRQHandler
                0x00000000080003e4                EXTI1_IRQHandler
                0x00000000080003e4                USART2_IRQHandler
                0x00000000080003e4                I2C2_ER_IRQHandler
                0x00000000080003e4                DMA2_Stream1_IRQHandler
                0x00000000080003e4                CAN1_SCE_IRQHandler
                0x00000000080003e4                FLASH_IRQHandler
                0x00000000080003e4                DMA2_Stream4_IRQHandler
                0x00000000080003e4                USART1_IRQHandler
                0x00000000080003e4                OTG_FS_IRQHandler
                0x00000000080003e4                SPI3_IRQHandler
                0x00000000080003e4                DMA1_Stream4_IRQHandler
                0x00000000080003e4                I2C1_ER_IRQHandler
                0x00000000080003e4                FMC_IRQHandler
                0x00000000080003e4                DMA2_Stream6_IRQHandler
                0x00000000080003e4                DMA1_Stream3_IRQHandler

.inits          0x00000000080003e8       0x28
                0x00000000080003e8                __data_regions_array_start = .
                0x00000000080003e8        0x4 LONG 0x8004c9c LOADADDR (.data)
                0x00000000080003ec        0x4 LONG 0x20000000 ADDR (.data)
                0x00000000080003f0        0x4 LONG 0x200000d4 (ADDR (.data) + SIZEOF (.data))
                0x00000000080003f4        0x4 LONG 0x8004c9c LOADADDR (.data_CCMRAM)
                0x00000000080003f8        0x4 LONG 0x10000000 ADDR (.data_CCMRAM)
                0x00000000080003fc        0x4 LONG 0x10000000 (ADDR (.data_CCMRAM) + SIZEOF (.data_CCMRAM))
                0x0000000008000400                __data_regions_array_end = .
                0x0000000008000400                __bss_regions_array_start = .
                0x0000000008000400        0x4 LONG 0x200000d4 ADDR (.bss)
                0x0000000008000404        0x4 LONG 0x20000400 (ADDR (.bss) + SIZEOF (.bss))
                0x0000000008000408        0x4 LONG 0x10000000 ADDR (.bss_CCMRAM)
                0x000000000800040c        0x4 LONG 0x10000000 (ADDR (.bss_CCMRAM) + SIZEOF (.bss_CCMRAM))
                0x0000000008000410                __bss_regions_array_end = .
 *(.init)
 *(.fini)
                0x0000000008000410                . = ALIGN (0x4)
                0x0000000008000410                PROVIDE (__preinit_array_start = .)
 *(.preinit_array_sysinit .preinit_array_sysinit.*)
 *(.preinit_array_platform .preinit_array_platform.*)
 *(.preinit_array .preinit_array.*)
                0x0000000008000410                PROVIDE (__preinit_array_end = .)
                0x0000000008000410                . = ALIGN (0x4)
                0x0000000008000410                PROVIDE (__init_array_start = .)
 *(SORT_BY_NAME(.init_array.*))
 *(.init_array)
                0x0000000008000410                PROVIDE (__init_array_end = .)
                0x0000000008000410                . = ALIGN (0x4)
                0x0000000008000410                PROVIDE (__fini_array_start = .)
 *(SORT_BY_NAME(.fini_array.*))
 *(.fini_array)
                0x0000000008000410                PROVIDE (__fini_array_end = .)

.flashtext
 *(.flashtext .flashtext.*)

.text           0x0000000008000410     0x4884
 *(.text .text.*)
 .text.HAL_InitTick
                0x0000000008000410       0x4c ./system/src/stm32f4-hal/stm32f4xx_hal.o
                0x0000000008000410                HAL_InitTick
 .text.HAL_Init
                0x000000000800045c       0x34 ./system/src/stm32f4-hal/stm32f4xx_hal.o
                0x000000000800045c                HAL_Init
 .text.HAL_IncTick
                0x0000000008000490       0x18 ./system/src/stm32f4-hal/stm32f4xx_hal.o
                0x0000000008000490                HAL_IncTick
 .text.HAL_GetTick
                0x00000000080004a8        0xc ./system/src/stm32f4-hal/stm32f4xx_hal.o
                0x00000000080004a8                HAL_GetTick
 .text.__NVIC_SetPriority
                0x00000000080004b4       0x28 ./system/src/stm32f4-hal/stm32f4xx_hal_cortex.o
 .text.NVIC_EncodePriority
                0x00000000080004dc       0x3e ./system/src/stm32f4-hal/stm32f4xx_hal_cortex.o
 *fill*         0x000000000800051a        0x2 
 .text.HAL_NVIC_SetPriorityGrouping
                0x000000000800051c       0x3c ./system/src/stm32f4-hal/stm32f4xx_hal_cortex.o
                0x000000000800051c                HAL_NVIC_SetPriorityGrouping
 .text.HAL_NVIC_SetPriority
                0x0000000008000558       0x48 ./system/src/stm32f4-hal/stm32f4xx_hal_cortex.o
                0x0000000008000558                HAL_NVIC_SetPriority
 .text.HAL_SYSTICK_Config
                0x00000000080005a0       0x28 ./system/src/stm32f4-hal/stm32f4xx_hal_cortex.o
                0x00000000080005a0                HAL_SYSTICK_Config
 .text.HAL_SYSTICK_CLKSourceConfig
                0x00000000080005c8       0x34 ./system/src/stm32f4-hal/stm32f4xx_hal_cortex.o
                0x00000000080005c8                HAL_SYSTICK_CLKSourceConfig
 .text.HAL_GPIO_Init
                0x00000000080005fc      0x2dc ./system/src/stm32f4-hal/stm32f4xx_hal_gpio.o
                0x00000000080005fc                HAL_GPIO_Init
 .text.HAL_GPIO_WritePin
                0x00000000080008d8       0x38 ./system/src/stm32f4-hal/stm32f4xx_hal_gpio.o
                0x00000000080008d8                HAL_GPIO_WritePin
 .text.HAL_RCC_OscConfig
                0x0000000008000910      0x4f8 ./system/src/stm32f4-hal/stm32f4xx_hal_rcc.o
                0x0000000008000910                HAL_RCC_OscConfig
 .text.HAL_RCC_GetSysClockFreq
                0x0000000008000e08       0xdc ./system/src/stm32f4-hal/stm32f4xx_hal_rcc.o
                0x0000000008000e08                HAL_RCC_GetSysClockFreq
 .text.HAL_RCC_ClockConfig
                0x0000000008000ee4      0x224 ./system/src/stm32f4-hal/stm32f4xx_hal_rcc.o
                0x0000000008000ee4                HAL_RCC_ClockConfig
 .text.HAL_RCC_GetHCLKFreq
                0x0000000008001108        0xc ./system/src/stm32f4-hal/stm32f4xx_hal_rcc.o
                0x0000000008001108                HAL_RCC_GetHCLKFreq
 .text.__assert_func
                0x0000000008001114       0x34 ./system/src/newlib/assert.o
                0x0000000008001114                __assert_func
 .text.abort    0x0000000008001148       0x14 ./system/src/newlib/exit.o
                0x0000000008001148                abort
 .text._sbrk    0x000000000800115c       0x44 ./system/src/newlib/sbrk.o
                0x000000000800115c                _sbrk
 .text.findslot
                0x00000000080011a0       0x24 ./system/src/newlib/syscalls.o
 .text.get_errno
                0x00000000080011c4       0x12 ./system/src/newlib/syscalls.o
 .text.error    0x00000000080011d6       0x14 ./system/src/newlib/syscalls.o
 .text.checkerror
                0x00000000080011ea       0x10 ./system/src/newlib/syscalls.o
 *fill*         0x00000000080011fa        0x2 
 .text._exit    0x00000000080011fc       0x20 ./system/src/newlib/syscalls.o
                0x00000000080011fc                _exit
 .text.initialise_monitor_handles
                0x000000000800121c       0xa8 ./system/src/newlib/syscalls.o
                0x000000000800121c                initialise_monitor_handles
 .text.__initialize_args
                0x00000000080012c4       0xc0 ./system/src/newlib/syscalls.o
                0x00000000080012c4                __initialize_args
 .text._swiread
                0x0000000008001384       0x20 ./system/src/newlib/syscalls.o
                0x0000000008001384                _swiread
 .text._read    0x00000000080013a4       0x36 ./system/src/newlib/syscalls.o
                0x00000000080013a4                _read
 .text._swilseek
                0x00000000080013da       0x96 ./system/src/newlib/syscalls.o
                0x00000000080013da                _swilseek
 .text._lseek   0x0000000008001470        0x8 ./system/src/newlib/syscalls.o
                0x0000000008001470                _lseek
 .text._swiwrite
                0x0000000008001478       0x20 ./system/src/newlib/syscalls.o
                0x0000000008001478                _swiwrite
 .text._write   0x0000000008001498       0x46 ./system/src/newlib/syscalls.o
                0x0000000008001498                _write
 .text._swiclose
                0x00000000080014de       0x1c ./system/src/newlib/syscalls.o
                0x00000000080014de                _swiclose
 *fill*         0x00000000080014fa        0x2 
 .text._close   0x00000000080014fc       0x48 ./system/src/newlib/syscalls.o
                0x00000000080014fc                _close
 .text._swistat
                0x0000000008001544       0x44 ./system/src/newlib/syscalls.o
                0x0000000008001544                _swistat
 .text._fstat   0x0000000008001588       0x1a ./system/src/newlib/syscalls.o
                0x0000000008001588                _fstat
 .text._gettimeofday
                0x00000000080015a2       0x28 ./system/src/newlib/syscalls.o
                0x00000000080015a2                _gettimeofday
 .text._isatty  0x00000000080015ca       0x36 ./system/src/newlib/syscalls.o
                0x00000000080015ca                _isatty
 .text._trace_write_semihosting_debug
                0x0000000008001600       0x62 ./system/src/diag/trace-impl.o
 .text.trace_write
                0x0000000008001662        0x8 ./system/src/diag/trace-impl.o
                0x0000000008001662                trace_write
 *fill*         0x000000000800166a        0x2 
 .text.trace_printf
                0x000000000800166c       0x34 ./system/src/diag/trace.o
                0x000000000800166c                trace_printf
 .text.trace_puts
                0x00000000080016a0       0x20 ./system/src/diag/trace.o
                0x00000000080016a0                trace_puts
 .text.__NVIC_SystemReset
                0x00000000080016c0       0x24 ./system/src/cortexm/exception-handlers.o
 .text.dumpExceptionStack
                0x00000000080016e4       0xf4 ./system/src/cortexm/exception-handlers.o
                0x00000000080016e4                dumpExceptionStack
 .text.isSemihosting
                0x00000000080017d8       0xe0 ./system/src/cortexm/exception-handlers.o
                0x00000000080017d8                isSemihosting
 .text.__initialize_hardware_early
                0x00000000080018b8       0x18 ./system/src/cortexm/initialize-hardware.o
                0x00000000080018b8                __initialize_hardware_early
 .text.SystemInit
                0x00000000080018d0       0x10 ./system/src/cmsis/system_stm32f4xx.o
                0x00000000080018d0                SystemInit
 .text.SystemCoreClockUpdate
                0x00000000080018e0       0xa0 ./system/src/cmsis/system_stm32f4xx.o
                0x00000000080018e0                SystemCoreClockUpdate
 .text.SystemClock_Config
                0x0000000008001980       0xa0 ./src/initialize-hardware.o
                0x0000000008001980                SystemClock_Config
 .text.__initialize_hardware
                0x0000000008001a20       0x10 ./src/initialize-hardware.o
                0x0000000008001a20                __initialize_hardware
 .text.assert_failed
                0x0000000008001a30       0x14 ./src/initialize-hardware.o
                0x0000000008001a30                assert_failed
 .text.main     0x0000000008001a44       0xc4 ./src/main.o
                0x0000000008001a44                main
 .text.HAL_MspInit
                0x0000000008001b08        0x2 ./src/stm32f4xx_hal_msp.o
                0x0000000008001b08                HAL_MspInit
 *fill*         0x0000000008001b0a        0x2 
 .text.timer_tick
                0x0000000008001b0c       0x14 ./src/timer.o
                0x0000000008001b0c                timer_tick
 .text.SysTick_Handler
                0x0000000008001b20        0xc ./src/timer.o
                0x0000000008001b20                SysTick_Handler
 .text          0x0000000008001b2c       0x30 c:/users/admin/appdata/roaming/xpacks/@xpack-dev-tools/arm-none-eabi-gcc/12.2.1-1.2.1/.content/bin/../lib/gcc/arm-none-eabi/12.2.1/thumb/v7e-m/nofp\libgcc.a(_aeabi_uldivmod.o)
                0x0000000008001b2c                __aeabi_uldivmod
 .text.__udivmoddi4
                0x0000000008001b5c      0x2bc c:/users/admin/appdata/roaming/xpacks/@xpack-dev-tools/arm-none-eabi-gcc/12.2.1-1.2.1/.content/bin/../lib/gcc/arm-none-eabi/12.2.1/thumb/v7e-m/nofp\libgcc.a(_udivmoddi4.o)
                0x0000000008001b5c                __udivmoddi4
 .text          0x0000000008001e18        0x4 c:/users/admin/appdata/roaming/xpacks/@xpack-dev-tools/arm-none-eabi-gcc/12.2.1-1.2.1/.content/bin/../lib/gcc/arm-none-eabi/12.2.1/thumb/v7e-m/nofp\libgcc.a(_dvmd_tls.o)
                0x0000000008001e18                __aeabi_idiv0
                0x0000000008001e18                __aeabi_ldiv0
 .text.printf   0x0000000008001e1c       0x24 c:/users/admin/appdata/roaming/xpacks/@xpack-dev-tools/arm-none-eabi-gcc/12.2.1-1.2.1/.content/bin/../lib/gcc/arm-none-eabi/12.2.1/../../../../arm-none-eabi/lib/thumb/v7e-m/nofp\libg_nano.a(libc_a-printf.o)
                0x0000000008001e1c                iprintf
                0x0000000008001e1c                printf
 .text._vsnprintf_r
                0x0000000008001e40       0x56 c:/users/admin/appdata/roaming/xpacks/@xpack-dev-tools/arm-none-eabi-gcc/12.2.1-1.2.1/.content/bin/../lib/gcc/arm-none-eabi/12.2.1/../../../../arm-none-eabi/lib/thumb/v7e-m/nofp\libg_nano.a(libc_a-vsnprintf.o)
                0x0000000008001e40                _vsniprintf_r
                0x0000000008001e40                _vsnprintf_r
 *fill*         0x0000000008001e96        0x2 
 .text.vsnprintf
                0x0000000008001e98       0x1c c:/users/admin/appdata/roaming/xpacks/@xpack-dev-tools/arm-none-eabi-gcc/12.2.1-1.2.1/.content/bin/../lib/gcc/arm-none-eabi/12.2.1/../../../../arm-none-eabi/lib/thumb/v7e-m/nofp\libg_nano.a(libc_a-vsnprintf.o)
                0x0000000008001e98                vsniprintf
                0x0000000008001e98                vsnprintf
 .text.memset   0x0000000008001eb4       0x10 c:/users/admin/appdata/roaming/xpacks/@xpack-dev-tools/arm-none-eabi-gcc/12.2.1-1.2.1/.content/bin/../lib/gcc/arm-none-eabi/12.2.1/../../../../arm-none-eabi/lib/thumb/v7e-m/nofp\libg_nano.a(libc_a-memset.o)
                0x0000000008001eb4                memset
 .text.asctime  0x0000000008001ec4       0x44 c:/users/admin/appdata/roaming/xpacks/@xpack-dev-tools/arm-none-eabi-gcc/12.2.1-1.2.1/.content/bin/../lib/gcc/arm-none-eabi/12.2.1/../../../../arm-none-eabi/lib/thumb/v7e-m/nofp\libg_nano.a(libc_a-asctime.o)
                0x0000000008001ec4                asctime
 .text.asctime_r
                0x0000000008001f08       0x4c c:/users/admin/appdata/roaming/xpacks/@xpack-dev-tools/arm-none-eabi-gcc/12.2.1-1.2.1/.content/bin/../lib/gcc/arm-none-eabi/12.2.1/../../../../arm-none-eabi/lib/thumb/v7e-m/nofp\libg_nano.a(libc_a-asctime_r.o)
                0x0000000008001f08                asctime_r
 .text.localtime
                0x0000000008001f54       0x3c c:/users/admin/appdata/roaming/xpacks/@xpack-dev-tools/arm-none-eabi-gcc/12.2.1-1.2.1/.content/bin/../lib/gcc/arm-none-eabi/12.2.1/../../../../arm-none-eabi/lib/thumb/v7e-m/nofp\libg_nano.a(libc_a-lcltime.o)
                0x0000000008001f54                localtime
 .text.localtime_r
                0x0000000008001f90      0x1dc c:/users/admin/appdata/roaming/xpacks/@xpack-dev-tools/arm-none-eabi-gcc/12.2.1-1.2.1/.content/bin/../lib/gcc/arm-none-eabi/12.2.1/../../../../arm-none-eabi/lib/thumb/v7e-m/nofp\libg_nano.a(libc_a-lcltime_r.o)
                0x0000000008001f90                localtime_r
 .text.time     0x000000000800216c       0x38 c:/users/admin/appdata/roaming/xpacks/@xpack-dev-tools/arm-none-eabi-gcc/12.2.1-1.2.1/.content/bin/../lib/gcc/arm-none-eabi/12.2.1/../../../../arm-none-eabi/lib/thumb/v7e-m/nofp\libg_nano.a(libc_a-time.o)
                0x000000000800216c                time
 .text.__tzcalc_limits
                0x00000000080021a4      0x154 c:/users/admin/appdata/roaming/xpacks/@xpack-dev-tools/arm-none-eabi-gcc/12.2.1-1.2.1/.content/bin/../lib/gcc/arm-none-eabi/12.2.1/../../../../arm-none-eabi/lib/thumb/v7e-m/nofp\libg_nano.a(libc_a-tzcalc_limits.o)
                0x00000000080021a4                __tzcalc_limits
 .text.__tz_lock
                0x00000000080022f8        0xc c:/users/admin/appdata/roaming/xpacks/@xpack-dev-tools/arm-none-eabi-gcc/12.2.1-1.2.1/.content/bin/../lib/gcc/arm-none-eabi/12.2.1/../../../../arm-none-eabi/lib/thumb/v7e-m/nofp\libg_nano.a(libc_a-tzlock.o)
                0x00000000080022f8                __tz_lock
 .text.__tz_unlock
                0x0000000008002304        0xc c:/users/admin/appdata/roaming/xpacks/@xpack-dev-tools/arm-none-eabi-gcc/12.2.1-1.2.1/.content/bin/../lib/gcc/arm-none-eabi/12.2.1/../../../../arm-none-eabi/lib/thumb/v7e-m/nofp\libg_nano.a(libc_a-tzlock.o)
                0x0000000008002304                __tz_unlock
 .text._tzset_unlocked
                0x0000000008002310        0xc c:/users/admin/appdata/roaming/xpacks/@xpack-dev-tools/arm-none-eabi-gcc/12.2.1-1.2.1/.content/bin/../lib/gcc/arm-none-eabi/12.2.1/../../../../arm-none-eabi/lib/thumb/v7e-m/nofp\libg_nano.a(libc_a-tzset.o)
                0x0000000008002310                _tzset_unlocked
 .text._tzset_unlocked_r
                0x000000000800231c      0x444 c:/users/admin/appdata/roaming/xpacks/@xpack-dev-tools/arm-none-eabi-gcc/12.2.1-1.2.1/.content/bin/../lib/gcc/arm-none-eabi/12.2.1/../../../../arm-none-eabi/lib/thumb/v7e-m/nofp\libg_nano.a(libc_a-tzset_r.o)
                0x000000000800231c                _tzset_unlocked_r
 .text._gettimeofday_r
                0x0000000008002760       0x24 c:/users/admin/appdata/roaming/xpacks/@xpack-dev-tools/arm-none-eabi-gcc/12.2.1-1.2.1/.content/bin/../lib/gcc/arm-none-eabi/12.2.1/../../../../arm-none-eabi/lib/thumb/v7e-m/nofp\libg_nano.a(libc_a-gettimeofdayr.o)
                0x0000000008002760                _gettimeofday_r
 .text.__errno  0x0000000008002784        0xc c:/users/admin/appdata/roaming/xpacks/@xpack-dev-tools/arm-none-eabi-gcc/12.2.1-1.2.1/.content/bin/../lib/gcc/arm-none-eabi/12.2.1/../../../../arm-none-eabi/lib/thumb/v7e-m/nofp\libg_nano.a(libc_a-errno.o)
                0x0000000008002784                __errno
 .text.__retarget_lock_init_recursive
                0x0000000008002790        0x2 c:/users/admin/appdata/roaming/xpacks/@xpack-dev-tools/arm-none-eabi-gcc/12.2.1-1.2.1/.content/bin/../lib/gcc/arm-none-eabi/12.2.1/../../../../arm-none-eabi/lib/thumb/v7e-m/nofp\libg_nano.a(libc_a-lock.o)
                0x0000000008002790                __retarget_lock_init_recursive
 .text.__retarget_lock_acquire
                0x0000000008002792        0x2 c:/users/admin/appdata/roaming/xpacks/@xpack-dev-tools/arm-none-eabi-gcc/12.2.1-1.2.1/.content/bin/../lib/gcc/arm-none-eabi/12.2.1/../../../../arm-none-eabi/lib/thumb/v7e-m/nofp\libg_nano.a(libc_a-lock.o)
                0x0000000008002792                __retarget_lock_acquire
 .text.__retarget_lock_acquire_recursive
                0x0000000008002794        0x2 c:/users/admin/appdata/roaming/xpacks/@xpack-dev-tools/arm-none-eabi-gcc/12.2.1-1.2.1/.content/bin/../lib/gcc/arm-none-eabi/12.2.1/../../../../arm-none-eabi/lib/thumb/v7e-m/nofp\libg_nano.a(libc_a-lock.o)
                0x0000000008002794                __retarget_lock_acquire_recursive
 .text.__retarget_lock_release
                0x0000000008002796        0x2 c:/users/admin/appdata/roaming/xpacks/@xpack-dev-tools/arm-none-eabi-gcc/12.2.1-1.2.1/.content/bin/../lib/gcc/arm-none-eabi/12.2.1/../../../../arm-none-eabi/lib/thumb/v7e-m/nofp\libg_nano.a(libc_a-lock.o)
                0x0000000008002796                __retarget_lock_release
 .text.__retarget_lock_release_recursive
                0x0000000008002798        0x2 c:/users/admin/appdata/roaming/xpacks/@xpack-dev-tools/arm-none-eabi-gcc/12.2.1-1.2.1/.content/bin/../lib/gcc/arm-none-eabi/12.2.1/../../../../arm-none-eabi/lib/thumb/v7e-m/nofp\libg_nano.a(libc_a-lock.o)
                0x0000000008002798                __retarget_lock_release_recursive
 .text          0x000000000800279a       0x14 c:/users/admin/appdata/roaming/xpacks/@xpack-dev-tools/arm-none-eabi-gcc/12.2.1-1.2.1/.content/bin/../lib/gcc/arm-none-eabi/12.2.1/../../../../arm-none-eabi/lib/thumb/v7e-m/nofp\libg_nano.a(libc_a-strcmp.o)
                0x000000000800279a                strcmp
 .text.strcpy   0x00000000080027ae       0x10 c:/users/admin/appdata/roaming/xpacks/@xpack-dev-tools/arm-none-eabi-gcc/12.2.1-1.2.1/.content/bin/../lib/gcc/arm-none-eabi/12.2.1/../../../../arm-none-eabi/lib/thumb/v7e-m/nofp\libg_nano.a(libc_a-strcpy.o)
                0x00000000080027ae                strcpy
 .text          0x00000000080027be       0x10 c:/users/admin/appdata/roaming/xpacks/@xpack-dev-tools/arm-none-eabi-gcc/12.2.1-1.2.1/.content/bin/../lib/gcc/arm-none-eabi/12.2.1/../../../../arm-none-eabi/lib/thumb/v7e-m/nofp\libg_nano.a(libc_a-strlen.o)
                0x00000000080027be                strlen
 *fill*         0x00000000080027ce        0x2 
 .text._findenv_r
                0x00000000080027d0       0x78 c:/users/admin/appdata/roaming/xpacks/@xpack-dev-tools/arm-none-eabi-gcc/12.2.1-1.2.1/.content/bin/../lib/gcc/arm-none-eabi/12.2.1/../../../../arm-none-eabi/lib/thumb/v7e-m/nofp\libg_nano.a(libc_a-getenv_r.o)
                0x00000000080027d0                _findenv_r
 .text._getenv_r
                0x0000000008002848        0xe c:/users/admin/appdata/roaming/xpacks/@xpack-dev-tools/arm-none-eabi-gcc/12.2.1-1.2.1/.content/bin/../lib/gcc/arm-none-eabi/12.2.1/../../../../arm-none-eabi/lib/thumb/v7e-m/nofp\libg_nano.a(libc_a-getenv_r.o)
                0x0000000008002848                _getenv_r
 *fill*         0x0000000008002856        0x2 
 .text.malloc   0x0000000008002858       0x10 c:/users/admin/appdata/roaming/xpacks/@xpack-dev-tools/arm-none-eabi-gcc/12.2.1-1.2.1/.content/bin/../lib/gcc/arm-none-eabi/12.2.1/../../../../arm-none-eabi/lib/thumb/v7e-m/nofp\libg_nano.a(libc_a-malloc.o)
                0x0000000008002858                malloc
 .text.free     0x0000000008002868       0x10 c:/users/admin/appdata/roaming/xpacks/@xpack-dev-tools/arm-none-eabi-gcc/12.2.1-1.2.1/.content/bin/../lib/gcc/arm-none-eabi/12.2.1/../../../../arm-none-eabi/lib/thumb/v7e-m/nofp\libg_nano.a(libc_a-malloc.o)
                0x0000000008002868                free
 .text.sbrk_aligned
                0x0000000008002878       0x44 c:/users/admin/appdata/roaming/xpacks/@xpack-dev-tools/arm-none-eabi-gcc/12.2.1-1.2.1/.content/bin/../lib/gcc/arm-none-eabi/12.2.1/../../../../arm-none-eabi/lib/thumb/v7e-m/nofp\libg_nano.a(libc_a-mallocr.o)
 .text._malloc_r
                0x00000000080028bc       0xf0 c:/users/admin/appdata/roaming/xpacks/@xpack-dev-tools/arm-none-eabi-gcc/12.2.1-1.2.1/.content/bin/../lib/gcc/arm-none-eabi/12.2.1/../../../../arm-none-eabi/lib/thumb/v7e-m/nofp\libg_nano.a(libc_a-mallocr.o)
                0x00000000080028bc                _malloc_r
 .text.__malloc_lock
                0x00000000080029ac        0xc c:/users/admin/appdata/roaming/xpacks/@xpack-dev-tools/arm-none-eabi-gcc/12.2.1-1.2.1/.content/bin/../lib/gcc/arm-none-eabi/12.2.1/../../../../arm-none-eabi/lib/thumb/v7e-m/nofp\libg_nano.a(libc_a-mlock.o)
                0x00000000080029ac                __malloc_lock
 .text.__malloc_unlock
                0x00000000080029b8        0xc c:/users/admin/appdata/roaming/xpacks/@xpack-dev-tools/arm-none-eabi-gcc/12.2.1-1.2.1/.content/bin/../lib/gcc/arm-none-eabi/12.2.1/../../../../arm-none-eabi/lib/thumb/v7e-m/nofp\libg_nano.a(libc_a-mlock.o)
                0x00000000080029b8                __malloc_unlock
 .text._strtoul_l.constprop.0
                0x00000000080029c4       0xe4 c:/users/admin/appdata/roaming/xpacks/@xpack-dev-tools/arm-none-eabi-gcc/12.2.1-1.2.1/.content/bin/../lib/gcc/arm-none-eabi/12.2.1/../../../../arm-none-eabi/lib/thumb/v7e-m/nofp\libg_nano.a(libc_a-strtoul.o)
 .text._strtoul_r
                0x0000000008002aa8        0x4 c:/users/admin/appdata/roaming/xpacks/@xpack-dev-tools/arm-none-eabi-gcc/12.2.1-1.2.1/.content/bin/../lib/gcc/arm-none-eabi/12.2.1/../../../../arm-none-eabi/lib/thumb/v7e-m/nofp\libg_nano.a(libc_a-strtoul.o)
                0x0000000008002aa8                _strtoul_r
 .text.strtoul  0x0000000008002aac       0x14 c:/users/admin/appdata/roaming/xpacks/@xpack-dev-tools/arm-none-eabi-gcc/12.2.1-1.2.1/.content/bin/../lib/gcc/arm-none-eabi/12.2.1/../../../../arm-none-eabi/lib/thumb/v7e-m/nofp\libg_nano.a(libc_a-strtoul.o)
                0x0000000008002aac                strtoul
 .text.__ssputs_r
                0x0000000008002ac0       0xb6 c:/users/admin/appdata/roaming/xpacks/@xpack-dev-tools/arm-none-eabi-gcc/12.2.1-1.2.1/.content/bin/../lib/gcc/arm-none-eabi/12.2.1/../../../../arm-none-eabi/lib/thumb/v7e-m/nofp\libg_nano.a(libc_a-nano-svfprintf.o)
                0x0000000008002ac0                __ssputs_r
 *fill*         0x0000000008002b76        0x2 
 .text._svfprintf_r
                0x0000000008002b78      0x1f8 c:/users/admin/appdata/roaming/xpacks/@xpack-dev-tools/arm-none-eabi-gcc/12.2.1-1.2.1/.content/bin/../lib/gcc/arm-none-eabi/12.2.1/../../../../arm-none-eabi/lib/thumb/v7e-m/nofp\libg_nano.a(libc_a-nano-svfprintf.o)
                0x0000000008002b78                _svfiprintf_r
                0x0000000008002b78                _svfprintf_r
 .text.__sfputc_r
                0x0000000008002d70       0x2a c:/users/admin/appdata/roaming/xpacks/@xpack-dev-tools/arm-none-eabi-gcc/12.2.1-1.2.1/.content/bin/../lib/gcc/arm-none-eabi/12.2.1/../../../../arm-none-eabi/lib/thumb/v7e-m/nofp\libg_nano.a(libc_a-nano-vfprintf.o)
 .text.__sfputs_r
                0x0000000008002d9a       0x24 c:/users/admin/appdata/roaming/xpacks/@xpack-dev-tools/arm-none-eabi-gcc/12.2.1-1.2.1/.content/bin/../lib/gcc/arm-none-eabi/12.2.1/../../../../arm-none-eabi/lib/thumb/v7e-m/nofp\libg_nano.a(libc_a-nano-vfprintf.o)
                0x0000000008002d9a                __sfputs_r
 *fill*         0x0000000008002dbe        0x2 
 .text._vfprintf_r
                0x0000000008002dc0      0x230 c:/users/admin/appdata/roaming/xpacks/@xpack-dev-tools/arm-none-eabi-gcc/12.2.1-1.2.1/.content/bin/../lib/gcc/arm-none-eabi/12.2.1/../../../../arm-none-eabi/lib/thumb/v7e-m/nofp\libg_nano.a(libc_a-nano-vfprintf.o)
                0x0000000008002dc0                _vfprintf_r
                0x0000000008002dc0                _vfiprintf_r
 .text._printf_common
                0x0000000008002ff0       0xda c:/users/admin/appdata/roaming/xpacks/@xpack-dev-tools/arm-none-eabi-gcc/12.2.1-1.2.1/.content/bin/../lib/gcc/arm-none-eabi/12.2.1/../../../../arm-none-eabi/lib/thumb/v7e-m/nofp\libg_nano.a(libc_a-nano-vfprintf_i.o)
                0x0000000008002ff0                _printf_common
 *fill*         0x00000000080030ca        0x2 
 .text._printf_i
                0x00000000080030cc      0x258 c:/users/admin/appdata/roaming/xpacks/@xpack-dev-tools/arm-none-eabi-gcc/12.2.1-1.2.1/.content/bin/../lib/gcc/arm-none-eabi/12.2.1/../../../../arm-none-eabi/lib/thumb/v7e-m/nofp\libg_nano.a(libc_a-nano-vfprintf_i.o)
                0x00000000080030cc                _printf_i
 .text.std      0x0000000008003324       0x6c c:/users/admin/appdata/roaming/xpacks/@xpack-dev-tools/arm-none-eabi-gcc/12.2.1-1.2.1/.content/bin/../lib/gcc/arm-none-eabi/12.2.1/../../../../arm-none-eabi/lib/thumb/v7e-m/nofp\libg_nano.a(libc_a-findfp.o)
 .text.stdio_exit_handler
                0x0000000008003390       0x18 c:/users/admin/appdata/roaming/xpacks/@xpack-dev-tools/arm-none-eabi-gcc/12.2.1-1.2.1/.content/bin/../lib/gcc/arm-none-eabi/12.2.1/../../../../arm-none-eabi/lib/thumb/v7e-m/nofp\libg_nano.a(libc_a-findfp.o)
 .text.cleanup_stdio
                0x00000000080033a8       0x40 c:/users/admin/appdata/roaming/xpacks/@xpack-dev-tools/arm-none-eabi-gcc/12.2.1-1.2.1/.content/bin/../lib/gcc/arm-none-eabi/12.2.1/../../../../arm-none-eabi/lib/thumb/v7e-m/nofp\libg_nano.a(libc_a-findfp.o)
 .text.global_stdio_init.part.0
                0x00000000080033e8       0x3c c:/users/admin/appdata/roaming/xpacks/@xpack-dev-tools/arm-none-eabi-gcc/12.2.1-1.2.1/.content/bin/../lib/gcc/arm-none-eabi/12.2.1/../../../../arm-none-eabi/lib/thumb/v7e-m/nofp\libg_nano.a(libc_a-findfp.o)
 .text.__sfp_lock_acquire
                0x0000000008003424        0xc c:/users/admin/appdata/roaming/xpacks/@xpack-dev-tools/arm-none-eabi-gcc/12.2.1-1.2.1/.content/bin/../lib/gcc/arm-none-eabi/12.2.1/../../../../arm-none-eabi/lib/thumb/v7e-m/nofp\libg_nano.a(libc_a-findfp.o)
                0x0000000008003424                __sfp_lock_acquire
 .text.__sfp_lock_release
                0x0000000008003430        0xc c:/users/admin/appdata/roaming/xpacks/@xpack-dev-tools/arm-none-eabi-gcc/12.2.1-1.2.1/.content/bin/../lib/gcc/arm-none-eabi/12.2.1/../../../../arm-none-eabi/lib/thumb/v7e-m/nofp\libg_nano.a(libc_a-findfp.o)
                0x0000000008003430                __sfp_lock_release
 .text.__sinit  0x000000000800343c       0x30 c:/users/admin/appdata/roaming/xpacks/@xpack-dev-tools/arm-none-eabi-gcc/12.2.1-1.2.1/.content/bin/../lib/gcc/arm-none-eabi/12.2.1/../../../../arm-none-eabi/lib/thumb/v7e-m/nofp\libg_nano.a(libc_a-findfp.o)
                0x000000000800343c                __sinit
 .text._fwalk_sglue
                0x000000000800346c       0x3c c:/users/admin/appdata/roaming/xpacks/@xpack-dev-tools/arm-none-eabi-gcc/12.2.1-1.2.1/.content/bin/../lib/gcc/arm-none-eabi/12.2.1/../../../../arm-none-eabi/lib/thumb/v7e-m/nofp\libg_nano.a(libc_a-fwalk.o)
                0x000000000800346c                _fwalk_sglue
 .text.sprintf  0x00000000080034a8       0x40 c:/users/admin/appdata/roaming/xpacks/@xpack-dev-tools/arm-none-eabi-gcc/12.2.1-1.2.1/.content/bin/../lib/gcc/arm-none-eabi/12.2.1/../../../../arm-none-eabi/lib/thumb/v7e-m/nofp\libg_nano.a(libc_a-sprintf.o)
                0x00000000080034a8                siprintf
                0x00000000080034a8                sprintf
 .text.sscanf   0x00000000080034e8       0x54 c:/users/admin/appdata/roaming/xpacks/@xpack-dev-tools/arm-none-eabi-gcc/12.2.1-1.2.1/.content/bin/../lib/gcc/arm-none-eabi/12.2.1/../../../../arm-none-eabi/lib/thumb/v7e-m/nofp\libg_nano.a(libc_a-sscanf.o)
                0x00000000080034e8                siscanf
                0x00000000080034e8                sscanf
 .text.__sread  0x000000000800353c       0x22 c:/users/admin/appdata/roaming/xpacks/@xpack-dev-tools/arm-none-eabi-gcc/12.2.1-1.2.1/.content/bin/../lib/gcc/arm-none-eabi/12.2.1/../../../../arm-none-eabi/lib/thumb/v7e-m/nofp\libg_nano.a(libc_a-stdio.o)
                0x000000000800353c                __sread
 .text.__seofread
                0x000000000800355e        0x4 c:/users/admin/appdata/roaming/xpacks/@xpack-dev-tools/arm-none-eabi-gcc/12.2.1-1.2.1/.content/bin/../lib/gcc/arm-none-eabi/12.2.1/../../../../arm-none-eabi/lib/thumb/v7e-m/nofp\libg_nano.a(libc_a-stdio.o)
                0x000000000800355e                __seofread
 .text.__swrite
                0x0000000008003562       0x38 c:/users/admin/appdata/roaming/xpacks/@xpack-dev-tools/arm-none-eabi-gcc/12.2.1-1.2.1/.content/bin/../lib/gcc/arm-none-eabi/12.2.1/../../../../arm-none-eabi/lib/thumb/v7e-m/nofp\libg_nano.a(libc_a-stdio.o)
                0x0000000008003562                __swrite
 .text.__sseek  0x000000000800359a       0x24 c:/users/admin/appdata/roaming/xpacks/@xpack-dev-tools/arm-none-eabi-gcc/12.2.1-1.2.1/.content/bin/../lib/gcc/arm-none-eabi/12.2.1/../../../../arm-none-eabi/lib/thumb/v7e-m/nofp\libg_nano.a(libc_a-stdio.o)
                0x000000000800359a                __sseek
 .text.__sclose
                0x00000000080035be        0x8 c:/users/admin/appdata/roaming/xpacks/@xpack-dev-tools/arm-none-eabi-gcc/12.2.1-1.2.1/.content/bin/../lib/gcc/arm-none-eabi/12.2.1/../../../../arm-none-eabi/lib/thumb/v7e-m/nofp\libg_nano.a(libc_a-stdio.o)
                0x00000000080035be                __sclose
 .text.__swbuf_r
                0x00000000080035c6       0x7c c:/users/admin/appdata/roaming/xpacks/@xpack-dev-tools/arm-none-eabi-gcc/12.2.1-1.2.1/.content/bin/../lib/gcc/arm-none-eabi/12.2.1/../../../../arm-none-eabi/lib/thumb/v7e-m/nofp\libg_nano.a(libc_a-wbuf.o)
                0x00000000080035c6                __swbuf_r
 *fill*         0x0000000008003642        0x2 
 .text.__swsetup_r
                0x0000000008003644       0xac c:/users/admin/appdata/roaming/xpacks/@xpack-dev-tools/arm-none-eabi-gcc/12.2.1-1.2.1/.content/bin/../lib/gcc/arm-none-eabi/12.2.1/../../../../arm-none-eabi/lib/thumb/v7e-m/nofp\libg_nano.a(libc_a-wsetup.o)
                0x0000000008003644                __swsetup_r
 .text.memmove  0x00000000080036f0       0x34 c:/users/admin/appdata/roaming/xpacks/@xpack-dev-tools/arm-none-eabi-gcc/12.2.1-1.2.1/.content/bin/../lib/gcc/arm-none-eabi/12.2.1/../../../../arm-none-eabi/lib/thumb/v7e-m/nofp\libg_nano.a(libc_a-memmove.o)
                0x00000000080036f0                memmove
 .text.strncmp  0x0000000008003724       0x24 c:/users/admin/appdata/roaming/xpacks/@xpack-dev-tools/arm-none-eabi-gcc/12.2.1-1.2.1/.content/bin/../lib/gcc/arm-none-eabi/12.2.1/../../../../arm-none-eabi/lib/thumb/v7e-m/nofp\libg_nano.a(libc_a-strncmp.o)
                0x0000000008003724                strncmp
 .text.__gettzinfo
                0x0000000008003748        0x8 c:/users/admin/appdata/roaming/xpacks/@xpack-dev-tools/arm-none-eabi-gcc/12.2.1-1.2.1/.content/bin/../lib/gcc/arm-none-eabi/12.2.1/../../../../arm-none-eabi/lib/thumb/v7e-m/nofp\libg_nano.a(libc_a-gettzinfo.o)
                0x0000000008003748                __gettzinfo
 .text.gmtime_r
                0x0000000008003750      0x14c c:/users/admin/appdata/roaming/xpacks/@xpack-dev-tools/arm-none-eabi-gcc/12.2.1-1.2.1/.content/bin/../lib/gcc/arm-none-eabi/12.2.1/../../../../arm-none-eabi/lib/thumb/v7e-m/nofp\libg_nano.a(libc_a-gmtime_r.o)
                0x0000000008003750                gmtime_r
 .text._close_r
                0x000000000800389c       0x20 c:/users/admin/appdata/roaming/xpacks/@xpack-dev-tools/arm-none-eabi-gcc/12.2.1-1.2.1/.content/bin/../lib/gcc/arm-none-eabi/12.2.1/../../../../arm-none-eabi/lib/thumb/v7e-m/nofp\libg_nano.a(libc_a-closer.o)
                0x000000000800389c                _close_r
 .text._lseek_r
                0x00000000080038bc       0x24 c:/users/admin/appdata/roaming/xpacks/@xpack-dev-tools/arm-none-eabi-gcc/12.2.1-1.2.1/.content/bin/../lib/gcc/arm-none-eabi/12.2.1/../../../../arm-none-eabi/lib/thumb/v7e-m/nofp\libg_nano.a(libc_a-lseekr.o)
                0x00000000080038bc                _lseek_r
 .text._read_r  0x00000000080038e0       0x24 c:/users/admin/appdata/roaming/xpacks/@xpack-dev-tools/arm-none-eabi-gcc/12.2.1-1.2.1/.content/bin/../lib/gcc/arm-none-eabi/12.2.1/../../../../arm-none-eabi/lib/thumb/v7e-m/nofp\libg_nano.a(libc_a-readr.o)
                0x00000000080038e0                _read_r
 .text._sbrk_r  0x0000000008003904       0x20 c:/users/admin/appdata/roaming/xpacks/@xpack-dev-tools/arm-none-eabi-gcc/12.2.1-1.2.1/.content/bin/../lib/gcc/arm-none-eabi/12.2.1/../../../../arm-none-eabi/lib/thumb/v7e-m/nofp\libg_nano.a(libc_a-sbrkr.o)
                0x0000000008003904                _sbrk_r
 .text._write_r
                0x0000000008003924       0x24 c:/users/admin/appdata/roaming/xpacks/@xpack-dev-tools/arm-none-eabi-gcc/12.2.1-1.2.1/.content/bin/../lib/gcc/arm-none-eabi/12.2.1/../../../../arm-none-eabi/lib/thumb/v7e-m/nofp\libg_nano.a(libc_a-writer.o)
                0x0000000008003924                _write_r
 *fill*         0x0000000008003948        0x8 
 .text          0x0000000008003950       0xa0 c:/users/admin/appdata/roaming/xpacks/@xpack-dev-tools/arm-none-eabi-gcc/12.2.1-1.2.1/.content/bin/../lib/gcc/arm-none-eabi/12.2.1/../../../../arm-none-eabi/lib/thumb/v7e-m/nofp\libg_nano.a(libc_a-memchr.o)
                0x0000000008003950                memchr
 .text.memcpy   0x00000000080039f0       0x1c c:/users/admin/appdata/roaming/xpacks/@xpack-dev-tools/arm-none-eabi-gcc/12.2.1-1.2.1/.content/bin/../lib/gcc/arm-none-eabi/12.2.1/../../../../arm-none-eabi/lib/thumb/v7e-m/nofp\libg_nano.a(libc_a-memcpy-stub.o)
                0x00000000080039f0                memcpy
 .text.__env_lock
                0x0000000008003a0c        0xc c:/users/admin/appdata/roaming/xpacks/@xpack-dev-tools/arm-none-eabi-gcc/12.2.1-1.2.1/.content/bin/../lib/gcc/arm-none-eabi/12.2.1/../../../../arm-none-eabi/lib/thumb/v7e-m/nofp\libg_nano.a(libc_a-envlock.o)
                0x0000000008003a0c                __env_lock
 .text.__env_unlock
                0x0000000008003a18        0xc c:/users/admin/appdata/roaming/xpacks/@xpack-dev-tools/arm-none-eabi-gcc/12.2.1-1.2.1/.content/bin/../lib/gcc/arm-none-eabi/12.2.1/../../../../arm-none-eabi/lib/thumb/v7e-m/nofp\libg_nano.a(libc_a-envlock.o)
                0x0000000008003a18                __env_unlock
 .text._free_r  0x0000000008003a24       0x94 c:/users/admin/appdata/roaming/xpacks/@xpack-dev-tools/arm-none-eabi-gcc/12.2.1-1.2.1/.content/bin/../lib/gcc/arm-none-eabi/12.2.1/../../../../arm-none-eabi/lib/thumb/v7e-m/nofp\libg_nano.a(libc_a-freer.o)
                0x0000000008003a24                _free_r
 .text._realloc_r
                0x0000000008003ab8       0x5c c:/users/admin/appdata/roaming/xpacks/@xpack-dev-tools/arm-none-eabi-gcc/12.2.1-1.2.1/.content/bin/../lib/gcc/arm-none-eabi/12.2.1/../../../../arm-none-eabi/lib/thumb/v7e-m/nofp\libg_nano.a(libc_a-reallocr.o)
                0x0000000008003ab8                _realloc_r
 .text._sungetc_r
                0x0000000008003b14       0x76 c:/users/admin/appdata/roaming/xpacks/@xpack-dev-tools/arm-none-eabi-gcc/12.2.1-1.2.1/.content/bin/../lib/gcc/arm-none-eabi/12.2.1/../../../../arm-none-eabi/lib/thumb/v7e-m/nofp\libg_nano.a(libc_a-nano-svfscanf.o)
                0x0000000008003b14                _sungetc_r
 .text.__ssrefill_r
                0x0000000008003b8a       0x3a c:/users/admin/appdata/roaming/xpacks/@xpack-dev-tools/arm-none-eabi-gcc/12.2.1-1.2.1/.content/bin/../lib/gcc/arm-none-eabi/12.2.1/../../../../arm-none-eabi/lib/thumb/v7e-m/nofp\libg_nano.a(libc_a-nano-svfscanf.o)
                0x0000000008003b8a                __ssrefill_r
 .text.__ssvfscanf_r
                0x0000000008003bc4      0x2ec c:/users/admin/appdata/roaming/xpacks/@xpack-dev-tools/arm-none-eabi-gcc/12.2.1-1.2.1/.content/bin/../lib/gcc/arm-none-eabi/12.2.1/../../../../arm-none-eabi/lib/thumb/v7e-m/nofp\libg_nano.a(libc_a-nano-svfscanf.o)
                0x0000000008003bc4                __ssvfiscanf_r
                0x0000000008003bc4                __ssvfscanf_r
 .text._scanf_chars
                0x0000000008003eb0       0xb4 c:/users/admin/appdata/roaming/xpacks/@xpack-dev-tools/arm-none-eabi-gcc/12.2.1-1.2.1/.content/bin/../lib/gcc/arm-none-eabi/12.2.1/../../../../arm-none-eabi/lib/thumb/v7e-m/nofp\libg_nano.a(libc_a-nano-vfscanf_i.o)
                0x0000000008003eb0                _scanf_chars
 .text._scanf_i
                0x0000000008003f64      0x200 c:/users/admin/appdata/roaming/xpacks/@xpack-dev-tools/arm-none-eabi-gcc/12.2.1-1.2.1/.content/bin/../lib/gcc/arm-none-eabi/12.2.1/../../../../arm-none-eabi/lib/thumb/v7e-m/nofp\libg_nano.a(libc_a-nano-vfscanf_i.o)
                0x0000000008003f64                _scanf_i
 .text.__sflush_r
                0x0000000008004164      0x100 c:/users/admin/appdata/roaming/xpacks/@xpack-dev-tools/arm-none-eabi-gcc/12.2.1-1.2.1/.content/bin/../lib/gcc/arm-none-eabi/12.2.1/../../../../arm-none-eabi/lib/thumb/v7e-m/nofp\libg_nano.a(libc_a-fflush.o)
                0x0000000008004164                __sflush_r
 .text._fflush_r
                0x0000000008004264       0x50 c:/users/admin/appdata/roaming/xpacks/@xpack-dev-tools/arm-none-eabi-gcc/12.2.1-1.2.1/.content/bin/../lib/gcc/arm-none-eabi/12.2.1/../../../../arm-none-eabi/lib/thumb/v7e-m/nofp\libg_nano.a(libc_a-fflush.o)
                0x0000000008004264                _fflush_r
 .text.__swhatbuf_r
                0x00000000080042b4       0x4c c:/users/admin/appdata/roaming/xpacks/@xpack-dev-tools/arm-none-eabi-gcc/12.2.1-1.2.1/.content/bin/../lib/gcc/arm-none-eabi/12.2.1/../../../../arm-none-eabi/lib/thumb/v7e-m/nofp\libg_nano.a(libc_a-makebuf.o)
                0x00000000080042b4                __swhatbuf_r
 .text.__smakebuf_r
                0x0000000008004300       0x78 c:/users/admin/appdata/roaming/xpacks/@xpack-dev-tools/arm-none-eabi-gcc/12.2.1-1.2.1/.content/bin/../lib/gcc/arm-none-eabi/12.2.1/../../../../arm-none-eabi/lib/thumb/v7e-m/nofp\libg_nano.a(libc_a-makebuf.o)
                0x0000000008004300                __smakebuf_r
 .text.__sccl   0x0000000008004378       0x72 c:/users/admin/appdata/roaming/xpacks/@xpack-dev-tools/arm-none-eabi-gcc/12.2.1-1.2.1/.content/bin/../lib/gcc/arm-none-eabi/12.2.1/../../../../arm-none-eabi/lib/thumb/v7e-m/nofp\libg_nano.a(libc_a-sccl.o)
                0x0000000008004378                __sccl
 .text.__submore
                0x00000000080043ea       0x74 c:/users/admin/appdata/roaming/xpacks/@xpack-dev-tools/arm-none-eabi-gcc/12.2.1-1.2.1/.content/bin/../lib/gcc/arm-none-eabi/12.2.1/../../../../arm-none-eabi/lib/thumb/v7e-m/nofp\libg_nano.a(libc_a-ungetc.o)
                0x00000000080043ea                __submore
 *fill*         0x000000000800445e        0x2 
 .text._fstat_r
                0x0000000008004460       0x24 c:/users/admin/appdata/roaming/xpacks/@xpack-dev-tools/arm-none-eabi-gcc/12.2.1-1.2.1/.content/bin/../lib/gcc/arm-none-eabi/12.2.1/../../../../arm-none-eabi/lib/thumb/v7e-m/nofp\libg_nano.a(libc_a-fstatr.o)
                0x0000000008004460                _fstat_r
 .text._isatty_r
                0x0000000008004484       0x20 c:/users/admin/appdata/roaming/xpacks/@xpack-dev-tools/arm-none-eabi-gcc/12.2.1-1.2.1/.content/bin/../lib/gcc/arm-none-eabi/12.2.1/../../../../arm-none-eabi/lib/thumb/v7e-m/nofp\libg_nano.a(libc_a-isattyr.o)
                0x0000000008004484                _isatty_r
 .text._malloc_usable_size_r
                0x00000000080044a4       0x10 c:/users/admin/appdata/roaming/xpacks/@xpack-dev-tools/arm-none-eabi-gcc/12.2.1-1.2.1/.content/bin/../lib/gcc/arm-none-eabi/12.2.1/../../../../arm-none-eabi/lib/thumb/v7e-m/nofp\libg_nano.a(libc_a-msizer.o)
                0x00000000080044a4                _malloc_usable_size_r
 .text._strtol_l.constprop.0
                0x00000000080044b4       0xfc c:/users/admin/appdata/roaming/xpacks/@xpack-dev-tools/arm-none-eabi-gcc/12.2.1-1.2.1/.content/bin/../lib/gcc/arm-none-eabi/12.2.1/../../../../arm-none-eabi/lib/thumb/v7e-m/nofp\libg_nano.a(libc_a-strtol.o)
 .text._strtol_r
                0x00000000080045b0        0x4 c:/users/admin/appdata/roaming/xpacks/@xpack-dev-tools/arm-none-eabi-gcc/12.2.1-1.2.1/.content/bin/../lib/gcc/arm-none-eabi/12.2.1/../../../../arm-none-eabi/lib/thumb/v7e-m/nofp\libg_nano.a(libc_a-strtol.o)
                0x00000000080045b0                _strtol_r
 .text          0x00000000080045b4       0xa0 c:/users/admin/appdata/roaming/xpacks/@xpack-dev-tools/arm-none-eabi-gcc/12.2.1-1.2.1/.content/bin/../lib/gcc/arm-none-eabi/12.2.1/thumb/v7e-m/nofp\libgcc.a(_aeabi_ldivmod.o)
                0x00000000080045b4                __aeabi_ldivmod
 *(.rodata .rodata.* .constdata .constdata.*)
 .rodata.HAL_NVIC_SetPriorityGrouping.str1.4
                0x0000000008004654       0x31 ./system/src/stm32f4-hal/stm32f4xx_hal_cortex.o
 *fill*         0x0000000008004685        0x3 
 .rodata.HAL_GPIO_Init.str1.4
                0x0000000008004688       0x2f ./system/src/stm32f4-hal/stm32f4xx_hal_gpio.o
 *fill*         0x00000000080046b7        0x1 
 .rodata.HAL_RCC_OscConfig.str1.4
                0x00000000080046b8       0x2e ./system/src/stm32f4-hal/stm32f4xx_hal_rcc.o
 *fill*         0x00000000080046e6        0x2 
 .rodata.__assert_func.str1.4
                0x00000000080046e8       0x3f ./system/src/newlib/assert.o
                                         0x43 (size before relaxing)
 *fill*         0x0000000008004727        0x1 
 .rodata.abort.str1.4
                0x0000000008004728       0x14 ./system/src/newlib/exit.o
 .rodata.initialise_monitor_handles.str1.4
                0x000000000800473c        0x4 ./system/src/newlib/syscalls.o
 .rodata.trace_puts.str1.4
                0x0000000008004740        0x4 ./system/src/diag/trace.o
                                          0x2 (size before relaxing)
 .rodata.dumpExceptionStack.str1.4
                0x0000000008004740      0x11a ./system/src/cortexm/exception-handlers.o
 .rodata.isSemihosting.str1.4
                0x000000000800485a        0x4 ./system/src/cortexm/exception-handlers.o
 *fill*         0x000000000800485a        0x2 
 .rodata.str1.4
                0x000000000800485c       0x2a ./system/src/cortexm/exception-handlers.o
 *fill*         0x0000000008004886        0x2 
 .rodata.AHBPrescTable
                0x0000000008004888       0x10 ./system/src/cmsis/system_stm32f4xx.o
                0x0000000008004888                AHBPrescTable
 .rodata.assert_failed.str1.4
                0x0000000008004898       0x2d ./src/initialize-hardware.o
 *fill*         0x00000000080048c5        0x3 
 .rodata.main.str1.4
                0x00000000080048c8       0x4d ./src/main.o
 *fill*         0x0000000008004915        0x3 
 .rodata        0x0000000008004918       0x14 ./src/main.o
 .rodata._ctype_
                0x000000000800492c      0x101 c:/users/admin/appdata/roaming/xpacks/@xpack-dev-tools/arm-none-eabi-gcc/12.2.1-1.2.1/.content/bin/../lib/gcc/arm-none-eabi/12.2.1/../../../../arm-none-eabi/lib/thumb/v7e-m/nofp\libg_nano.a(libc_a-ctype_.o)
                0x000000000800492c                _ctype_
 .rodata.asctime.str1.1
                0x0000000008004a2d       0x8d c:/users/admin/appdata/roaming/xpacks/@xpack-dev-tools/arm-none-eabi-gcc/12.2.1-1.2.1/.content/bin/../lib/gcc/arm-none-eabi/12.2.1/../../../../arm-none-eabi/lib/thumb/v7e-m/nofp\libg_nano.a(libc_a-asctime.o)
 .rodata.asctime_r.str1.1
                0x0000000008004aba       0x20 c:/users/admin/appdata/roaming/xpacks/@xpack-dev-tools/arm-none-eabi-gcc/12.2.1-1.2.1/.content/bin/../lib/gcc/arm-none-eabi/12.2.1/../../../../arm-none-eabi/lib/thumb/v7e-m/nofp\libg_nano.a(libc_a-asctime_r.o)
 .rodata.mon_name.0
                0x0000000008004ada       0x24 c:/users/admin/appdata/roaming/xpacks/@xpack-dev-tools/arm-none-eabi-gcc/12.2.1-1.2.1/.content/bin/../lib/gcc/arm-none-eabi/12.2.1/../../../../arm-none-eabi/lib/thumb/v7e-m/nofp\libg_nano.a(libc_a-asctime_r.o)
 .rodata.day_name.1
                0x0000000008004afe       0x15 c:/users/admin/appdata/roaming/xpacks/@xpack-dev-tools/arm-none-eabi-gcc/12.2.1-1.2.1/.content/bin/../lib/gcc/arm-none-eabi/12.2.1/../../../../arm-none-eabi/lib/thumb/v7e-m/nofp\libg_nano.a(libc_a-asctime_r.o)
 .rodata.localtime.str1.1
                0x0000000008004b13       0x76 c:/users/admin/appdata/roaming/xpacks/@xpack-dev-tools/arm-none-eabi-gcc/12.2.1-1.2.1/.content/bin/../lib/gcc/arm-none-eabi/12.2.1/../../../../arm-none-eabi/lib/thumb/v7e-m/nofp\libg_nano.a(libc_a-lcltime.o)
                                         0x8d (size before relaxing)
 *fill*         0x0000000008004b89        0x3 
 .rodata.__month_lengths
                0x0000000008004b8c       0x60 c:/users/admin/appdata/roaming/xpacks/@xpack-dev-tools/arm-none-eabi-gcc/12.2.1-1.2.1/.content/bin/../lib/gcc/arm-none-eabi/12.2.1/../../../../arm-none-eabi/lib/thumb/v7e-m/nofp\libg_nano.a(libc_a-month_lengths.o)
                0x0000000008004b8c                __month_lengths
 .rodata._tzset_unlocked_r.str1.1
                0x0000000008004bec       0x4e c:/users/admin/appdata/roaming/xpacks/@xpack-dev-tools/arm-none-eabi-gcc/12.2.1-1.2.1/.content/bin/../lib/gcc/arm-none-eabi/12.2.1/../../../../arm-none-eabi/lib/thumb/v7e-m/nofp\libg_nano.a(libc_a-tzset_r.o)
                                         0x61 (size before relaxing)
 .rodata.str1.1
                0x0000000008004c3a        0x4 c:/users/admin/appdata/roaming/xpacks/@xpack-dev-tools/arm-none-eabi-gcc/12.2.1-1.2.1/.content/bin/../lib/gcc/arm-none-eabi/12.2.1/../../../../arm-none-eabi/lib/thumb/v7e-m/nofp\libg_nano.a(libc_a-tzvars.o)
 .rodata._svfprintf_r.str1.1
                0x0000000008004c3a       0x11 c:/users/admin/appdata/roaming/xpacks/@xpack-dev-tools/arm-none-eabi-gcc/12.2.1-1.2.1/.content/bin/../lib/gcc/arm-none-eabi/12.2.1/../../../../arm-none-eabi/lib/thumb/v7e-m/nofp\libg_nano.a(libc_a-nano-svfprintf.o)
 .rodata._vfprintf_r.str1.1
                0x0000000008004c4b       0x11 c:/users/admin/appdata/roaming/xpacks/@xpack-dev-tools/arm-none-eabi-gcc/12.2.1-1.2.1/.content/bin/../lib/gcc/arm-none-eabi/12.2.1/../../../../arm-none-eabi/lib/thumb/v7e-m/nofp\libg_nano.a(libc_a-nano-vfprintf.o)
 .rodata._printf_i.str1.1
                0x0000000008004c4b       0x22 c:/users/admin/appdata/roaming/xpacks/@xpack-dev-tools/arm-none-eabi-gcc/12.2.1-1.2.1/.content/bin/../lib/gcc/arm-none-eabi/12.2.1/../../../../arm-none-eabi/lib/thumb/v7e-m/nofp\libg_nano.a(libc_a-nano-vfprintf_i.o)
 .rodata.__ssvfscanf_r.str1.1
                0x0000000008004c6d        0x4 c:/users/admin/appdata/roaming/xpacks/@xpack-dev-tools/arm-none-eabi-gcc/12.2.1-1.2.1/.content/bin/../lib/gcc/arm-none-eabi/12.2.1/../../../../arm-none-eabi/lib/thumb/v7e-m/nofp\libg_nano.a(libc_a-nano-svfscanf.o)
 .rodata._scanf_i.str1.1
                0x0000000008004c6d       0x12 c:/users/admin/appdata/roaming/xpacks/@xpack-dev-tools/arm-none-eabi-gcc/12.2.1-1.2.1/.content/bin/../lib/gcc/arm-none-eabi/12.2.1/../../../../arm-none-eabi/lib/thumb/v7e-m/nofp\libg_nano.a(libc_a-nano-vfscanf_i.o)
 .rodata.str1.1
                0x0000000008004c7f        0x9 c:/users/admin/appdata/roaming/xpacks/@xpack-dev-tools/arm-none-eabi-gcc/12.2.1-1.2.1/.content/bin/../lib/gcc/arm-none-eabi/12.2.1/../../../../arm-none-eabi/lib/thumb/v7e-m/nofp\libg_nano.a(libc_a-nano-vfscanf_i.o)
 .rodata        0x0000000008004c88        0xc c:/users/admin/appdata/roaming/xpacks/@xpack-dev-tools/arm-none-eabi-gcc/12.2.1-1.2.1/.content/bin/../lib/gcc/arm-none-eabi/12.2.1/../../../../arm-none-eabi/lib/thumb/v7e-m/nofp\libg_nano.a(libc_a-nano-vfscanf_i.o)
 *(vtable)
 *(.eh_frame*)
 *(.glue_7)
 .glue_7        0x0000000008004c94        0x0 linker stubs
 *(.glue_7t)
 .glue_7t       0x0000000008004c94        0x0 linker stubs

.vfp11_veneer   0x0000000008004c94        0x0
 .vfp11_veneer  0x0000000008004c94        0x0 linker stubs

.v4_bx          0x0000000008004c94        0x0
 .v4_bx         0x0000000008004c94        0x0 linker stubs

.iplt           0x0000000008004c94        0x0
 .iplt          0x0000000008004c94        0x0 ./system/src/stm32f4-hal/stm32f4xx_hal.o

.ARM.extab
 *(.ARM.extab* .gnu.linkonce.armextab.*)
                0x0000000008004c94                . = ALIGN (0x4)
                0x0000000008004c94                __exidx_start = .

.ARM.exidx      0x0000000008004c94        0x8
 *(.ARM.exidx* .gnu.linkonce.armexidx.*)
 .ARM.exidx.text.__udivmoddi4
                0x0000000008004c94        0x8 c:/users/admin/appdata/roaming/xpacks/@xpack-dev-tools/arm-none-eabi-gcc/12.2.1-1.2.1/.content/bin/../lib/gcc/arm-none-eabi/12.2.1/thumb/v7e-m/nofp\libgcc.a(_udivmoddi4.o)
                0x0000000008004c9c                __exidx_end = .

.rel.dyn        0x0000000008004c9c        0x0
 .rel.iplt      0x0000000008004c9c        0x0 ./system/src/stm32f4-hal/stm32f4xx_hal.o
                0x0000000008004c9c                . = ALIGN (0x4)
                0x0000000008004c9c                _etext = .
                0x0000000008004c9c                __etext = .

.data_CCMRAM    0x0000000010000000        0x0 load address 0x0000000008004c9c
 FILL mask 0xff
 *(.data.CCMRAM .data.CCMRAM.*)
                0x0000000010000000                . = ALIGN (0x4)
                0x0000000008004c9c                _sidata = LOADADDR (.data)

.data           0x0000000020000000       0xd4 load address 0x0000000008004c9c
 FILL mask 0xff
                0x0000000020000000                _sdata = .
                0x0000000020000000                __data_start__ = .
 *(.data_begin .data_begin.*)
 .data_begin    0x0000000020000000        0x4 ./system/src/newlib/startup.o
 *(.data .data.*)
 .data.uwTickFreq
                0x0000000020000004        0x1 ./system/src/stm32f4-hal/stm32f4xx_hal.o
                0x0000000020000004                uwTickFreq
 *fill*         0x0000000020000005        0x3 ff
 .data.uwTickPrio
                0x0000000020000008        0x4 ./system/src/stm32f4-hal/stm32f4xx_hal.o
                0x0000000020000008                uwTickPrio
 .data.environ  0x000000002000000c        0x4 ./system/src/newlib/syscalls.o
                0x000000002000000c                environ
 .data.SystemCoreClock
                0x0000000020000010        0x4 ./system/src/cmsis/system_stm32f4xx.o
                0x0000000020000010                SystemCoreClock
 .data._tzname  0x0000000020000014        0x8 c:/users/admin/appdata/roaming/xpacks/@xpack-dev-tools/arm-none-eabi-gcc/12.2.1-1.2.1/.content/bin/../lib/gcc/arm-none-eabi/12.2.1/../../../../arm-none-eabi/lib/thumb/v7e-m/nofp\libg_nano.a(libc_a-tzvars.o)
                0x0000000020000014                _tzname
 .data._impure_ptr
                0x000000002000001c        0x4 c:/users/admin/appdata/roaming/xpacks/@xpack-dev-tools/arm-none-eabi-gcc/12.2.1-1.2.1/.content/bin/../lib/gcc/arm-none-eabi/12.2.1/../../../../arm-none-eabi/lib/thumb/v7e-m/nofp\libg_nano.a(libc_a-impure.o)
                0x000000002000001c                _impure_ptr
 .data._impure_data
                0x0000000020000020       0x4c c:/users/admin/appdata/roaming/xpacks/@xpack-dev-tools/arm-none-eabi-gcc/12.2.1-1.2.1/.content/bin/../lib/gcc/arm-none-eabi/12.2.1/../../../../arm-none-eabi/lib/thumb/v7e-m/nofp\libg_nano.a(libc_a-impure.o)
                0x0000000020000020                _impure_data
 .data.__sglue  0x000000002000006c        0xc c:/users/admin/appdata/roaming/xpacks/@xpack-dev-tools/arm-none-eabi-gcc/12.2.1-1.2.1/.content/bin/../lib/gcc/arm-none-eabi/12.2.1/../../../../arm-none-eabi/lib/thumb/v7e-m/nofp\libg_nano.a(libc_a-findfp.o)
                0x000000002000006c                __sglue
 .data.tzinfo   0x0000000020000078       0x58 c:/users/admin/appdata/roaming/xpacks/@xpack-dev-tools/arm-none-eabi-gcc/12.2.1-1.2.1/.content/bin/../lib/gcc/arm-none-eabi/12.2.1/../../../../arm-none-eabi/lib/thumb/v7e-m/nofp\libg_nano.a(libc_a-gettzinfo.o)
 *(.data_end .data_end.*)
 .data_end      0x00000000200000d0        0x4 ./system/src/newlib/startup.o
                0x00000000200000d4                . = ALIGN (0x4)
                0x00000000200000d4                _edata = .
                0x00000000200000d4                __data_end__ = .

.igot.plt       0x00000000200000d4        0x0 load address 0x0000000008004d70
 .igot.plt      0x00000000200000d4        0x0 ./system/src/stm32f4-hal/stm32f4xx_hal.o

.bss_CCMRAM     0x0000000010000000        0x0
 *(.bss.CCMRAM .bss.CCMRAM.*)

.bss            0x00000000200000d4      0x32c
                0x00000000200000d4                __bss_start__ = .
                0x00000000200000d4                _sbss = .
 *(.bss_begin .bss_begin.*)
 .bss_begin     0x00000000200000d4        0x4 ./system/src/newlib/startup.o
 *(.bss .bss.*)
 .bss.uwTick    0x00000000200000d8        0x4 ./system/src/stm32f4-hal/stm32f4xx_hal.o
                0x00000000200000d8                uwTick
 .bss.current_heap_end.0
                0x00000000200000dc        0x4 ./system/src/newlib/sbrk.o
 .bss.argv_buf.0
                0x00000000200000e0       0x28 ./system/src/newlib/syscalls.o
 .bss.args_buf.1
                0x0000000020000108       0x50 ./system/src/newlib/syscalls.o
 .bss.monitor_stderr
                0x0000000020000158        0x4 ./system/src/newlib/syscalls.o
 .bss.monitor_stdout
                0x000000002000015c        0x4 ./system/src/newlib/syscalls.o
 .bss.monitor_stdin
                0x0000000020000160        0x4 ./system/src/newlib/syscalls.o
 .bss.openfiles
                0x0000000020000164       0xa0 ./system/src/newlib/syscalls.o
 .bss.__env     0x0000000020000204        0x4 ./system/src/newlib/syscalls.o
                0x0000000020000204                __env
 .bss.errno     0x0000000020000208        0x4 ./system/src/newlib/syscalls.o
                0x0000000020000208                errno
 .bss.buf.0     0x000000002000020c       0x80 ./system/src/diag/trace.o
 .bss.timer_delayCount
                0x000000002000028c        0x4 ./src/timer.o
                0x000000002000028c                timer_delayCount
 .bss.prev_tzenv
                0x0000000020000290        0x4 c:/users/admin/appdata/roaming/xpacks/@xpack-dev-tools/arm-none-eabi-gcc/12.2.1-1.2.1/.content/bin/../lib/gcc/arm-none-eabi/12.2.1/../../../../arm-none-eabi/lib/thumb/v7e-m/nofp\libg_nano.a(libc_a-tzset_r.o)
 .bss.__tzname_dst
                0x0000000020000294        0xc c:/users/admin/appdata/roaming/xpacks/@xpack-dev-tools/arm-none-eabi-gcc/12.2.1-1.2.1/.content/bin/../lib/gcc/arm-none-eabi/12.2.1/../../../../arm-none-eabi/lib/thumb/v7e-m/nofp\libg_nano.a(libc_a-tzset_r.o)
 .bss.__tzname_std
                0x00000000200002a0        0xc c:/users/admin/appdata/roaming/xpacks/@xpack-dev-tools/arm-none-eabi-gcc/12.2.1-1.2.1/.content/bin/../lib/gcc/arm-none-eabi/12.2.1/../../../../arm-none-eabi/lib/thumb/v7e-m/nofp\libg_nano.a(libc_a-tzset_r.o)
 .bss._timezone
                0x00000000200002ac        0x4 c:/users/admin/appdata/roaming/xpacks/@xpack-dev-tools/arm-none-eabi-gcc/12.2.1-1.2.1/.content/bin/../lib/gcc/arm-none-eabi/12.2.1/../../../../arm-none-eabi/lib/thumb/v7e-m/nofp\libg_nano.a(libc_a-tzvars.o)
                0x00000000200002ac                _timezone
 .bss._daylight
                0x00000000200002b0        0x4 c:/users/admin/appdata/roaming/xpacks/@xpack-dev-tools/arm-none-eabi-gcc/12.2.1-1.2.1/.content/bin/../lib/gcc/arm-none-eabi/12.2.1/../../../../arm-none-eabi/lib/thumb/v7e-m/nofp\libg_nano.a(libc_a-tzvars.o)
                0x00000000200002b0                _daylight
 .bss.__lock___tz_mutex
                0x00000000200002b4        0x1 c:/users/admin/appdata/roaming/xpacks/@xpack-dev-tools/arm-none-eabi-gcc/12.2.1-1.2.1/.content/bin/../lib/gcc/arm-none-eabi/12.2.1/../../../../arm-none-eabi/lib/thumb/v7e-m/nofp\libg_nano.a(libc_a-lock.o)
                0x00000000200002b4                __lock___tz_mutex
 .bss.__lock___env_recursive_mutex
                0x00000000200002b5        0x1 c:/users/admin/appdata/roaming/xpacks/@xpack-dev-tools/arm-none-eabi-gcc/12.2.1-1.2.1/.content/bin/../lib/gcc/arm-none-eabi/12.2.1/../../../../arm-none-eabi/lib/thumb/v7e-m/nofp\libg_nano.a(libc_a-lock.o)
                0x00000000200002b5                __lock___env_recursive_mutex
 .bss.__lock___malloc_recursive_mutex
                0x00000000200002b6        0x1 c:/users/admin/appdata/roaming/xpacks/@xpack-dev-tools/arm-none-eabi-gcc/12.2.1-1.2.1/.content/bin/../lib/gcc/arm-none-eabi/12.2.1/../../../../arm-none-eabi/lib/thumb/v7e-m/nofp\libg_nano.a(libc_a-lock.o)
                0x00000000200002b6                __lock___malloc_recursive_mutex
 .bss.__lock___sfp_recursive_mutex
                0x00000000200002b7        0x1 c:/users/admin/appdata/roaming/xpacks/@xpack-dev-tools/arm-none-eabi-gcc/12.2.1-1.2.1/.content/bin/../lib/gcc/arm-none-eabi/12.2.1/../../../../arm-none-eabi/lib/thumb/v7e-m/nofp\libg_nano.a(libc_a-lock.o)
                0x00000000200002b7                __lock___sfp_recursive_mutex
 .bss.__malloc_sbrk_start
                0x00000000200002b8        0x4 c:/users/admin/appdata/roaming/xpacks/@xpack-dev-tools/arm-none-eabi-gcc/12.2.1-1.2.1/.content/bin/../lib/gcc/arm-none-eabi/12.2.1/../../../../arm-none-eabi/lib/thumb/v7e-m/nofp\libg_nano.a(libc_a-mallocr.o)
                0x00000000200002b8                __malloc_sbrk_start
 .bss.__malloc_free_list
                0x00000000200002bc        0x4 c:/users/admin/appdata/roaming/xpacks/@xpack-dev-tools/arm-none-eabi-gcc/12.2.1-1.2.1/.content/bin/../lib/gcc/arm-none-eabi/12.2.1/../../../../arm-none-eabi/lib/thumb/v7e-m/nofp\libg_nano.a(libc_a-mallocr.o)
                0x00000000200002bc                __malloc_free_list
 .bss.__sf      0x00000000200002c0      0x138 c:/users/admin/appdata/roaming/xpacks/@xpack-dev-tools/arm-none-eabi-gcc/12.2.1-1.2.1/.content/bin/../lib/gcc/arm-none-eabi/12.2.1/../../../../arm-none-eabi/lib/thumb/v7e-m/nofp\libg_nano.a(libc_a-findfp.o)
                0x00000000200002c0                __sf
 .bss.__stdio_exit_handler
                0x00000000200003f8        0x4 c:/users/admin/appdata/roaming/xpacks/@xpack-dev-tools/arm-none-eabi-gcc/12.2.1-1.2.1/.content/bin/../lib/gcc/arm-none-eabi/12.2.1/../../../../arm-none-eabi/lib/thumb/v7e-m/nofp\libg_nano.a(libc_a-findfp.o)
                0x00000000200003f8                __stdio_exit_handler
 *(COMMON)
 *(.bss_end .bss_end.*)
 .bss_end       0x00000000200003fc        0x4 ./system/src/newlib/startup.o
                0x0000000020000400                . = ALIGN (0x4)
                0x0000000020000400                __bss_end__ = .
                0x0000000020000400                _ebss = .

.noinit_CCMRAM
 *(.noinit.CCMRAM .noinit.CCMRAM.*)

.noinit         0x0000000020000400        0x0
                0x0000000020000400                _noinit = .
 *(.noinit .noinit.*)
                0x0000000020000400                . = ALIGN (0x4)
                0x0000000020000400                _end_noinit = .
                [!provide]                        PROVIDE (end = _end_noinit)
                [!provide]                        PROVIDE (_end = _end_noinit)
                [!provide]                        PROVIDE (__end = _end_noinit)
                [!provide]                        PROVIDE (__end__ = _end_noinit)

._check_stack   0x0000000020000400      0x100
                0x0000000020000500                . = (. + _Minimum_Stack_Size)
 *fill*         0x0000000020000400      0x100 

.b1text
 *(.b1text)
 *(.b1rodata)
 *(.b1rodata.*)

.eb0text
 *(.eb0text)
 *(.eb0rodata)
 *(.eb0rodata.*)

.eb1text
 *(.eb1text)
 *(.eb1rodata)
 *(.eb1rodata.*)

.eb2text
 *(.eb2text)
 *(.eb2rodata)
 *(.eb2rodata.*)

.eb3text
 *(.eb3text)
 *(.eb3rodata)
 *(.eb3rodata.*)

.stab
 *(.stab)

.stabstr
 *(.stabstr)

.stab.excl
 *(.stab.excl)

.stab.exclstr
 *(.stab.exclstr)

.stab.index
 *(.stab.index)

.stab.indexstr
 *(.stab.indexstr)

.comment        0x0000000000000000       0x39
 *(.comment)
 .comment       0x0000000000000000       0x39 ./system/src/stm32f4-hal/stm32f4xx_hal.o
                                         0x3a (size before relaxing)
 .comment       0x0000000000000039       0x3a ./system/src/stm32f4-hal/stm32f4xx_hal_cortex.o
 .comment       0x0000000000000039       0x3a ./system/src/stm32f4-hal/stm32f4xx_hal_gpio.o
 .comment       0x0000000000000039       0x3a ./system/src/stm32f4-hal/stm32f4xx_hal_rcc.o
 .comment       0x0000000000000039       0x3a ./system/src/newlib/assert.o
 .comment       0x0000000000000039       0x3a ./system/src/newlib/exit.o
 .comment       0x0000000000000039       0x3a ./system/src/newlib/sbrk.o
 .comment       0x0000000000000039       0x3a ./system/src/newlib/startup.o
 .comment       0x0000000000000039       0x3a ./system/src/newlib/syscalls.o
 .comment       0x0000000000000039       0x3a ./system/src/diag/trace-impl.o
 .comment       0x0000000000000039       0x3a ./system/src/diag/trace.o
 .comment       0x0000000000000039       0x3a ./system/src/cortexm/exception-handlers.o
 .comment       0x0000000000000039       0x3a ./system/src/cortexm/initialize-hardware.o
 .comment       0x0000000000000039       0x3a ./system/src/cmsis/system_stm32f4xx.o
 .comment       0x0000000000000039       0x3a ./system/src/cmsis/vectors_stm32f407xx.o
 .comment       0x0000000000000039       0x3a ./src/initialize-hardware.o
 .comment       0x0000000000000039       0x3a ./src/main.o
 .comment       0x0000000000000039       0x3a ./src/stm32f4xx_hal_msp.o
 .comment       0x0000000000000039       0x3a ./src/timer.o
 .comment       0x0000000000000039       0x3a c:/users/admin/appdata/roaming/xpacks/@xpack-dev-tools/arm-none-eabi-gcc/12.2.1-1.2.1/.content/bin/../lib/gcc/arm-none-eabi/12.2.1/thumb/v7e-m/nofp\libgcc.a(_udivmoddi4.o)
 .comment       0x0000000000000039       0x3a c:/users/admin/appdata/roaming/xpacks/@xpack-dev-tools/arm-none-eabi-gcc/12.2.1-1.2.1/.content/bin/../lib/gcc/arm-none-eabi/12.2.1/../../../../arm-none-eabi/lib/thumb/v7e-m/nofp\libg_nano.a(libc_a-ctype_.o)
 .comment       0x0000000000000039       0x3a c:/users/admin/appdata/roaming/xpacks/@xpack-dev-tools/arm-none-eabi-gcc/12.2.1-1.2.1/.content/bin/../lib/gcc/arm-none-eabi/12.2.1/../../../../arm-none-eabi/lib/thumb/v7e-m/nofp\libg_nano.a(libc_a-printf.o)
 .comment       0x0000000000000039       0x3a c:/users/admin/appdata/roaming/xpacks/@xpack-dev-tools/arm-none-eabi-gcc/12.2.1-1.2.1/.content/bin/../lib/gcc/arm-none-eabi/12.2.1/../../../../arm-none-eabi/lib/thumb/v7e-m/nofp\libg_nano.a(libc_a-vsnprintf.o)
 .comment       0x0000000000000039       0x3a c:/users/admin/appdata/roaming/xpacks/@xpack-dev-tools/arm-none-eabi-gcc/12.2.1-1.2.1/.content/bin/../lib/gcc/arm-none-eabi/12.2.1/../../../../arm-none-eabi/lib/thumb/v7e-m/nofp\libg_nano.a(libc_a-memset.o)
 .comment       0x0000000000000039       0x3a c:/users/admin/appdata/roaming/xpacks/@xpack-dev-tools/arm-none-eabi-gcc/12.2.1-1.2.1/.content/bin/../lib/gcc/arm-none-eabi/12.2.1/../../../../arm-none-eabi/lib/thumb/v7e-m/nofp\libg_nano.a(libc_a-asctime.o)
 .comment       0x0000000000000039       0x3a c:/users/admin/appdata/roaming/xpacks/@xpack-dev-tools/arm-none-eabi-gcc/12.2.1-1.2.1/.content/bin/../lib/gcc/arm-none-eabi/12.2.1/../../../../arm-none-eabi/lib/thumb/v7e-m/nofp\libg_nano.a(libc_a-asctime_r.o)
 .comment       0x0000000000000039       0x3a c:/users/admin/appdata/roaming/xpacks/@xpack-dev-tools/arm-none-eabi-gcc/12.2.1-1.2.1/.content/bin/../lib/gcc/arm-none-eabi/12.2.1/../../../../arm-none-eabi/lib/thumb/v7e-m/nofp\libg_nano.a(libc_a-lcltime.o)
 .comment       0x0000000000000039       0x3a c:/users/admin/appdata/roaming/xpacks/@xpack-dev-tools/arm-none-eabi-gcc/12.2.1-1.2.1/.content/bin/../lib/gcc/arm-none-eabi/12.2.1/../../../../arm-none-eabi/lib/thumb/v7e-m/nofp\libg_nano.a(libc_a-lcltime_r.o)
 .comment       0x0000000000000039       0x3a c:/users/admin/appdata/roaming/xpacks/@xpack-dev-tools/arm-none-eabi-gcc/12.2.1-1.2.1/.content/bin/../lib/gcc/arm-none-eabi/12.2.1/../../../../arm-none-eabi/lib/thumb/v7e-m/nofp\libg_nano.a(libc_a-month_lengths.o)
 .comment       0x0000000000000039       0x3a c:/users/admin/appdata/roaming/xpacks/@xpack-dev-tools/arm-none-eabi-gcc/12.2.1-1.2.1/.content/bin/../lib/gcc/arm-none-eabi/12.2.1/../../../../arm-none-eabi/lib/thumb/v7e-m/nofp\libg_nano.a(libc_a-time.o)
 .comment       0x0000000000000039       0x3a c:/users/admin/appdata/roaming/xpacks/@xpack-dev-tools/arm-none-eabi-gcc/12.2.1-1.2.1/.content/bin/../lib/gcc/arm-none-eabi/12.2.1/../../../../arm-none-eabi/lib/thumb/v7e-m/nofp\libg_nano.a(libc_a-tzcalc_limits.o)
 .comment       0x0000000000000039       0x3a c:/users/admin/appdata/roaming/xpacks/@xpack-dev-tools/arm-none-eabi-gcc/12.2.1-1.2.1/.content/bin/../lib/gcc/arm-none-eabi/12.2.1/../../../../arm-none-eabi/lib/thumb/v7e-m/nofp\libg_nano.a(libc_a-tzlock.o)
 .comment       0x0000000000000039       0x3a c:/users/admin/appdata/roaming/xpacks/@xpack-dev-tools/arm-none-eabi-gcc/12.2.1-1.2.1/.content/bin/../lib/gcc/arm-none-eabi/12.2.1/../../../../arm-none-eabi/lib/thumb/v7e-m/nofp\libg_nano.a(libc_a-tzset.o)
 .comment       0x0000000000000039       0x3a c:/users/admin/appdata/roaming/xpacks/@xpack-dev-tools/arm-none-eabi-gcc/12.2.1-1.2.1/.content/bin/../lib/gcc/arm-none-eabi/12.2.1/../../../../arm-none-eabi/lib/thumb/v7e-m/nofp\libg_nano.a(libc_a-tzset_r.o)
 .comment       0x0000000000000039       0x3a c:/users/admin/appdata/roaming/xpacks/@xpack-dev-tools/arm-none-eabi-gcc/12.2.1-1.2.1/.content/bin/../lib/gcc/arm-none-eabi/12.2.1/../../../../arm-none-eabi/lib/thumb/v7e-m/nofp\libg_nano.a(libc_a-tzvars.o)
 .comment       0x0000000000000039       0x3a c:/users/admin/appdata/roaming/xpacks/@xpack-dev-tools/arm-none-eabi-gcc/12.2.1-1.2.1/.content/bin/../lib/gcc/arm-none-eabi/12.2.1/../../../../arm-none-eabi/lib/thumb/v7e-m/nofp\libg_nano.a(libc_a-impure.o)
 .comment       0x0000000000000039       0x3a c:/users/admin/appdata/roaming/xpacks/@xpack-dev-tools/arm-none-eabi-gcc/12.2.1-1.2.1/.content/bin/../lib/gcc/arm-none-eabi/12.2.1/../../../../arm-none-eabi/lib/thumb/v7e-m/nofp\libg_nano.a(libc_a-gettimeofdayr.o)
 .comment       0x0000000000000039       0x3a c:/users/admin/appdata/roaming/xpacks/@xpack-dev-tools/arm-none-eabi-gcc/12.2.1-1.2.1/.content/bin/../lib/gcc/arm-none-eabi/12.2.1/../../../../arm-none-eabi/lib/thumb/v7e-m/nofp\libg_nano.a(libc_a-errno.o)
 .comment       0x0000000000000039       0x3a c:/users/admin/appdata/roaming/xpacks/@xpack-dev-tools/arm-none-eabi-gcc/12.2.1-1.2.1/.content/bin/../lib/gcc/arm-none-eabi/12.2.1/../../../../arm-none-eabi/lib/thumb/v7e-m/nofp\libg_nano.a(libc_a-lock.o)
 .comment       0x0000000000000039       0x3a c:/users/admin/appdata/roaming/xpacks/@xpack-dev-tools/arm-none-eabi-gcc/12.2.1-1.2.1/.content/bin/../lib/gcc/arm-none-eabi/12.2.1/../../../../arm-none-eabi/lib/thumb/v7e-m/nofp\libg_nano.a(libc_a-strcpy.o)
 .comment       0x0000000000000039       0x3a c:/users/admin/appdata/roaming/xpacks/@xpack-dev-tools/arm-none-eabi-gcc/12.2.1-1.2.1/.content/bin/../lib/gcc/arm-none-eabi/12.2.1/../../../../arm-none-eabi/lib/thumb/v7e-m/nofp\libg_nano.a(libc_a-getenv_r.o)
 .comment       0x0000000000000039       0x3a c:/users/admin/appdata/roaming/xpacks/@xpack-dev-tools/arm-none-eabi-gcc/12.2.1-1.2.1/.content/bin/../lib/gcc/arm-none-eabi/12.2.1/../../../../arm-none-eabi/lib/thumb/v7e-m/nofp\libg_nano.a(libc_a-malloc.o)
 .comment       0x0000000000000039       0x3a c:/users/admin/appdata/roaming/xpacks/@xpack-dev-tools/arm-none-eabi-gcc/12.2.1-1.2.1/.content/bin/../lib/gcc/arm-none-eabi/12.2.1/../../../../arm-none-eabi/lib/thumb/v7e-m/nofp\libg_nano.a(libc_a-mallocr.o)
 .comment       0x0000000000000039       0x3a c:/users/admin/appdata/roaming/xpacks/@xpack-dev-tools/arm-none-eabi-gcc/12.2.1-1.2.1/.content/bin/../lib/gcc/arm-none-eabi/12.2.1/../../../../arm-none-eabi/lib/thumb/v7e-m/nofp\libg_nano.a(libc_a-mlock.o)
 .comment       0x0000000000000039       0x3a c:/users/admin/appdata/roaming/xpacks/@xpack-dev-tools/arm-none-eabi-gcc/12.2.1-1.2.1/.content/bin/../lib/gcc/arm-none-eabi/12.2.1/../../../../arm-none-eabi/lib/thumb/v7e-m/nofp\libg_nano.a(libc_a-strtoul.o)
 .comment       0x0000000000000039       0x3a c:/users/admin/appdata/roaming/xpacks/@xpack-dev-tools/arm-none-eabi-gcc/12.2.1-1.2.1/.content/bin/../lib/gcc/arm-none-eabi/12.2.1/../../../../arm-none-eabi/lib/thumb/v7e-m/nofp\libg_nano.a(libc_a-nano-svfprintf.o)
 .comment       0x0000000000000039       0x3a c:/users/admin/appdata/roaming/xpacks/@xpack-dev-tools/arm-none-eabi-gcc/12.2.1-1.2.1/.content/bin/../lib/gcc/arm-none-eabi/12.2.1/../../../../arm-none-eabi/lib/thumb/v7e-m/nofp\libg_nano.a(libc_a-nano-vfprintf.o)
 .comment       0x0000000000000039       0x3a c:/users/admin/appdata/roaming/xpacks/@xpack-dev-tools/arm-none-eabi-gcc/12.2.1-1.2.1/.content/bin/../lib/gcc/arm-none-eabi/12.2.1/../../../../arm-none-eabi/lib/thumb/v7e-m/nofp\libg_nano.a(libc_a-nano-vfprintf_i.o)
 .comment       0x0000000000000039       0x3a c:/users/admin/appdata/roaming/xpacks/@xpack-dev-tools/arm-none-eabi-gcc/12.2.1-1.2.1/.content/bin/../lib/gcc/arm-none-eabi/12.2.1/../../../../arm-none-eabi/lib/thumb/v7e-m/nofp\libg_nano.a(libc_a-findfp.o)
 .comment       0x0000000000000039       0x3a c:/users/admin/appdata/roaming/xpacks/@xpack-dev-tools/arm-none-eabi-gcc/12.2.1-1.2.1/.content/bin/../lib/gcc/arm-none-eabi/12.2.1/../../../../arm-none-eabi/lib/thumb/v7e-m/nofp\libg_nano.a(libc_a-fwalk.o)
 .comment       0x0000000000000039       0x3a c:/users/admin/appdata/roaming/xpacks/@xpack-dev-tools/arm-none-eabi-gcc/12.2.1-1.2.1/.content/bin/../lib/gcc/arm-none-eabi/12.2.1/../../../../arm-none-eabi/lib/thumb/v7e-m/nofp\libg_nano.a(libc_a-sprintf.o)
 .comment       0x0000000000000039       0x3a c:/users/admin/appdata/roaming/xpacks/@xpack-dev-tools/arm-none-eabi-gcc/12.2.1-1.2.1/.content/bin/../lib/gcc/arm-none-eabi/12.2.1/../../../../arm-none-eabi/lib/thumb/v7e-m/nofp\libg_nano.a(libc_a-sscanf.o)
 .comment       0x0000000000000039       0x3a c:/users/admin/appdata/roaming/xpacks/@xpack-dev-tools/arm-none-eabi-gcc/12.2.1-1.2.1/.content/bin/../lib/gcc/arm-none-eabi/12.2.1/../../../../arm-none-eabi/lib/thumb/v7e-m/nofp\libg_nano.a(libc_a-stdio.o)
 .comment       0x0000000000000039       0x3a c:/users/admin/appdata/roaming/xpacks/@xpack-dev-tools/arm-none-eabi-gcc/12.2.1-1.2.1/.content/bin/../lib/gcc/arm-none-eabi/12.2.1/../../../../arm-none-eabi/lib/thumb/v7e-m/nofp\libg_nano.a(libc_a-wbuf.o)
 .comment       0x0000000000000039       0x3a c:/users/admin/appdata/roaming/xpacks/@xpack-dev-tools/arm-none-eabi-gcc/12.2.1-1.2.1/.content/bin/../lib/gcc/arm-none-eabi/12.2.1/../../../../arm-none-eabi/lib/thumb/v7e-m/nofp\libg_nano.a(libc_a-wsetup.o)
 .comment       0x0000000000000039       0x3a c:/users/admin/appdata/roaming/xpacks/@xpack-dev-tools/arm-none-eabi-gcc/12.2.1-1.2.1/.content/bin/../lib/gcc/arm-none-eabi/12.2.1/../../../../arm-none-eabi/lib/thumb/v7e-m/nofp\libg_nano.a(libc_a-memmove.o)
 .comment       0x0000000000000039       0x3a c:/users/admin/appdata/roaming/xpacks/@xpack-dev-tools/arm-none-eabi-gcc/12.2.1-1.2.1/.content/bin/../lib/gcc/arm-none-eabi/12.2.1/../../../../arm-none-eabi/lib/thumb/v7e-m/nofp\libg_nano.a(libc_a-strncmp.o)
 .comment       0x0000000000000039       0x3a c:/users/admin/appdata/roaming/xpacks/@xpack-dev-tools/arm-none-eabi-gcc/12.2.1-1.2.1/.content/bin/../lib/gcc/arm-none-eabi/12.2.1/../../../../arm-none-eabi/lib/thumb/v7e-m/nofp\libg_nano.a(libc_a-gettzinfo.o)
 .comment       0x0000000000000039       0x3a c:/users/admin/appdata/roaming/xpacks/@xpack-dev-tools/arm-none-eabi-gcc/12.2.1-1.2.1/.content/bin/../lib/gcc/arm-none-eabi/12.2.1/../../../../arm-none-eabi/lib/thumb/v7e-m/nofp\libg_nano.a(libc_a-gmtime_r.o)
 .comment       0x0000000000000039       0x3a c:/users/admin/appdata/roaming/xpacks/@xpack-dev-tools/arm-none-eabi-gcc/12.2.1-1.2.1/.content/bin/../lib/gcc/arm-none-eabi/12.2.1/../../../../arm-none-eabi/lib/thumb/v7e-m/nofp\libg_nano.a(libc_a-closer.o)
 .comment       0x0000000000000039       0x3a c:/users/admin/appdata/roaming/xpacks/@xpack-dev-tools/arm-none-eabi-gcc/12.2.1-1.2.1/.content/bin/../lib/gcc/arm-none-eabi/12.2.1/../../../../arm-none-eabi/lib/thumb/v7e-m/nofp\libg_nano.a(libc_a-lseekr.o)
 .comment       0x0000000000000039       0x3a c:/users/admin/appdata/roaming/xpacks/@xpack-dev-tools/arm-none-eabi-gcc/12.2.1-1.2.1/.content/bin/../lib/gcc/arm-none-eabi/12.2.1/../../../../arm-none-eabi/lib/thumb/v7e-m/nofp\libg_nano.a(libc_a-readr.o)
 .comment       0x0000000000000039       0x3a c:/users/admin/appdata/roaming/xpacks/@xpack-dev-tools/arm-none-eabi-gcc/12.2.1-1.2.1/.content/bin/../lib/gcc/arm-none-eabi/12.2.1/../../../../arm-none-eabi/lib/thumb/v7e-m/nofp\libg_nano.a(libc_a-sbrkr.o)
 .comment       0x0000000000000039       0x3a c:/users/admin/appdata/roaming/xpacks/@xpack-dev-tools/arm-none-eabi-gcc/12.2.1-1.2.1/.content/bin/../lib/gcc/arm-none-eabi/12.2.1/../../../../arm-none-eabi/lib/thumb/v7e-m/nofp\libg_nano.a(libc_a-writer.o)
 .comment       0x0000000000000039       0x3a c:/users/admin/appdata/roaming/xpacks/@xpack-dev-tools/arm-none-eabi-gcc/12.2.1-1.2.1/.content/bin/../lib/gcc/arm-none-eabi/12.2.1/../../../../arm-none-eabi/lib/thumb/v7e-m/nofp\libg_nano.a(libc_a-memcpy-stub.o)
 .comment       0x0000000000000039       0x3a c:/users/admin/appdata/roaming/xpacks/@xpack-dev-tools/arm-none-eabi-gcc/12.2.1-1.2.1/.content/bin/../lib/gcc/arm-none-eabi/12.2.1/../../../../arm-none-eabi/lib/thumb/v7e-m/nofp\libg_nano.a(libc_a-envlock.o)
 .comment       0x0000000000000039       0x3a c:/users/admin/appdata/roaming/xpacks/@xpack-dev-tools/arm-none-eabi-gcc/12.2.1-1.2.1/.content/bin/../lib/gcc/arm-none-eabi/12.2.1/../../../../arm-none-eabi/lib/thumb/v7e-m/nofp\libg_nano.a(libc_a-freer.o)
 .comment       0x0000000000000039       0x3a c:/users/admin/appdata/roaming/xpacks/@xpack-dev-tools/arm-none-eabi-gcc/12.2.1-1.2.1/.content/bin/../lib/gcc/arm-none-eabi/12.2.1/../../../../arm-none-eabi/lib/thumb/v7e-m/nofp\libg_nano.a(libc_a-reallocr.o)
 .comment       0x0000000000000039       0x3a c:/users/admin/appdata/roaming/xpacks/@xpack-dev-tools/arm-none-eabi-gcc/12.2.1-1.2.1/.content/bin/../lib/gcc/arm-none-eabi/12.2.1/../../../../arm-none-eabi/lib/thumb/v7e-m/nofp\libg_nano.a(libc_a-nano-svfscanf.o)
 .comment       0x0000000000000039       0x3a c:/users/admin/appdata/roaming/xpacks/@xpack-dev-tools/arm-none-eabi-gcc/12.2.1-1.2.1/.content/bin/../lib/gcc/arm-none-eabi/12.2.1/../../../../arm-none-eabi/lib/thumb/v7e-m/nofp\libg_nano.a(libc_a-nano-vfscanf_i.o)
 .comment       0x0000000000000039       0x3a c:/users/admin/appdata/roaming/xpacks/@xpack-dev-tools/arm-none-eabi-gcc/12.2.1-1.2.1/.content/bin/../lib/gcc/arm-none-eabi/12.2.1/../../../../arm-none-eabi/lib/thumb/v7e-m/nofp\libg_nano.a(libc_a-fflush.o)
 .comment       0x0000000000000039       0x3a c:/users/admin/appdata/roaming/xpacks/@xpack-dev-tools/arm-none-eabi-gcc/12.2.1-1.2.1/.content/bin/../lib/gcc/arm-none-eabi/12.2.1/../../../../arm-none-eabi/lib/thumb/v7e-m/nofp\libg_nano.a(libc_a-makebuf.o)
 .comment       0x0000000000000039       0x3a c:/users/admin/appdata/roaming/xpacks/@xpack-dev-tools/arm-none-eabi-gcc/12.2.1-1.2.1/.content/bin/../lib/gcc/arm-none-eabi/12.2.1/../../../../arm-none-eabi/lib/thumb/v7e-m/nofp\libg_nano.a(libc_a-sccl.o)
 .comment       0x0000000000000039       0x3a c:/users/admin/appdata/roaming/xpacks/@xpack-dev-tools/arm-none-eabi-gcc/12.2.1-1.2.1/.content/bin/../lib/gcc/arm-none-eabi/12.2.1/../../../../arm-none-eabi/lib/thumb/v7e-m/nofp\libg_nano.a(libc_a-ungetc.o)
 .comment       0x0000000000000039       0x3a c:/users/admin/appdata/roaming/xpacks/@xpack-dev-tools/arm-none-eabi-gcc/12.2.1-1.2.1/.content/bin/../lib/gcc/arm-none-eabi/12.2.1/../../../../arm-none-eabi/lib/thumb/v7e-m/nofp\libg_nano.a(libc_a-fstatr.o)
 .comment       0x0000000000000039       0x3a c:/users/admin/appdata/roaming/xpacks/@xpack-dev-tools/arm-none-eabi-gcc/12.2.1-1.2.1/.content/bin/../lib/gcc/arm-none-eabi/12.2.1/../../../../arm-none-eabi/lib/thumb/v7e-m/nofp\libg_nano.a(libc_a-isattyr.o)
 .comment       0x0000000000000039       0x3a c:/users/admin/appdata/roaming/xpacks/@xpack-dev-tools/arm-none-eabi-gcc/12.2.1-1.2.1/.content/bin/../lib/gcc/arm-none-eabi/12.2.1/../../../../arm-none-eabi/lib/thumb/v7e-m/nofp\libg_nano.a(libc_a-msizer.o)
 .comment       0x0000000000000039       0x3a c:/users/admin/appdata/roaming/xpacks/@xpack-dev-tools/arm-none-eabi-gcc/12.2.1-1.2.1/.content/bin/../lib/gcc/arm-none-eabi/12.2.1/../../../../arm-none-eabi/lib/thumb/v7e-m/nofp\libg_nano.a(libc_a-strtol.o)

.ARM.attributes
                0x0000000000000000       0x2c
 .ARM.attributes
                0x0000000000000000       0x2e ./system/src/stm32f4-hal/stm32f4xx_hal.o
 .ARM.attributes
                0x000000000000002e       0x2e ./system/src/stm32f4-hal/stm32f4xx_hal_cortex.o
 .ARM.attributes
                0x000000000000005c       0x2e ./system/src/stm32f4-hal/stm32f4xx_hal_gpio.o
 .ARM.attributes
                0x000000000000008a       0x2e ./system/src/stm32f4-hal/stm32f4xx_hal_rcc.o
 .ARM.attributes
                0x00000000000000b8       0x2e ./system/src/newlib/assert.o
 .ARM.attributes
                0x00000000000000e6       0x2e ./system/src/newlib/exit.o
 .ARM.attributes
                0x0000000000000114       0x2e ./system/src/newlib/sbrk.o
 .ARM.attributes
                0x0000000000000142       0x2e ./system/src/newlib/startup.o
 .ARM.attributes
                0x0000000000000170       0x2e ./system/src/newlib/syscalls.o
 .ARM.attributes
                0x000000000000019e       0x2e ./system/src/diag/trace-impl.o
 .ARM.attributes
                0x00000000000001cc       0x2e ./system/src/diag/trace.o
 .ARM.attributes
                0x00000000000001fa       0x2e ./system/src/cortexm/exception-handlers.o
 .ARM.attributes
                0x0000000000000228       0x2e ./system/src/cortexm/initialize-hardware.o
 .ARM.attributes
                0x0000000000000256       0x2e ./system/src/cmsis/system_stm32f4xx.o
 .ARM.attributes
                0x0000000000000284       0x2e ./system/src/cmsis/vectors_stm32f407xx.o
 .ARM.attributes
                0x00000000000002b2       0x2e ./src/initialize-hardware.o
 .ARM.attributes
                0x00000000000002e0       0x2e ./src/main.o
 .ARM.attributes
                0x000000000000030e       0x2e ./src/stm32f4xx_hal_msp.o
 .ARM.attributes
                0x000000000000033c       0x2e ./src/timer.o
 .ARM.attributes
                0x000000000000036a       0x1e c:/users/admin/appdata/roaming/xpacks/@xpack-dev-tools/arm-none-eabi-gcc/12.2.1-1.2.1/.content/bin/../lib/gcc/arm-none-eabi/12.2.1/thumb/v7e-m/nofp\libgcc.a(_aeabi_uldivmod.o)
 .ARM.attributes
                0x0000000000000388       0x2e c:/users/admin/appdata/roaming/xpacks/@xpack-dev-tools/arm-none-eabi-gcc/12.2.1-1.2.1/.content/bin/../lib/gcc/arm-none-eabi/12.2.1/thumb/v7e-m/nofp\libgcc.a(_udivmoddi4.o)
 .ARM.attributes
                0x00000000000003b6       0x1e c:/users/admin/appdata/roaming/xpacks/@xpack-dev-tools/arm-none-eabi-gcc/12.2.1-1.2.1/.content/bin/../lib/gcc/arm-none-eabi/12.2.1/thumb/v7e-m/nofp\libgcc.a(_dvmd_tls.o)
 .ARM.attributes
                0x00000000000003d4       0x2e c:/users/admin/appdata/roaming/xpacks/@xpack-dev-tools/arm-none-eabi-gcc/12.2.1-1.2.1/.content/bin/../lib/gcc/arm-none-eabi/12.2.1/../../../../arm-none-eabi/lib/thumb/v7e-m/nofp\libg_nano.a(libc_a-ctype_.o)
 .ARM.attributes
                0x0000000000000402       0x2e c:/users/admin/appdata/roaming/xpacks/@xpack-dev-tools/arm-none-eabi-gcc/12.2.1-1.2.1/.content/bin/../lib/gcc/arm-none-eabi/12.2.1/../../../../arm-none-eabi/lib/thumb/v7e-m/nofp\libg_nano.a(libc_a-printf.o)
 .ARM.attributes
                0x0000000000000430       0x2e c:/users/admin/appdata/roaming/xpacks/@xpack-dev-tools/arm-none-eabi-gcc/12.2.1-1.2.1/.content/bin/../lib/gcc/arm-none-eabi/12.2.1/../../../../arm-none-eabi/lib/thumb/v7e-m/nofp\libg_nano.a(libc_a-vsnprintf.o)
 .ARM.attributes
                0x000000000000045e       0x2e c:/users/admin/appdata/roaming/xpacks/@xpack-dev-tools/arm-none-eabi-gcc/12.2.1-1.2.1/.content/bin/../lib/gcc/arm-none-eabi/12.2.1/../../../../arm-none-eabi/lib/thumb/v7e-m/nofp\libg_nano.a(libc_a-memset.o)
 .ARM.attributes
                0x000000000000048c       0x2e c:/users/admin/appdata/roaming/xpacks/@xpack-dev-tools/arm-none-eabi-gcc/12.2.1-1.2.1/.content/bin/../lib/gcc/arm-none-eabi/12.2.1/../../../../arm-none-eabi/lib/thumb/v7e-m/nofp\libg_nano.a(libc_a-asctime.o)
 .ARM.attributes
                0x00000000000004ba       0x2e c:/users/admin/appdata/roaming/xpacks/@xpack-dev-tools/arm-none-eabi-gcc/12.2.1-1.2.1/.content/bin/../lib/gcc/arm-none-eabi/12.2.1/../../../../arm-none-eabi/lib/thumb/v7e-m/nofp\libg_nano.a(libc_a-asctime_r.o)
 .ARM.attributes
                0x00000000000004e8       0x2e c:/users/admin/appdata/roaming/xpacks/@xpack-dev-tools/arm-none-eabi-gcc/12.2.1-1.2.1/.content/bin/../lib/gcc/arm-none-eabi/12.2.1/../../../../arm-none-eabi/lib/thumb/v7e-m/nofp\libg_nano.a(libc_a-lcltime.o)
 .ARM.attributes
                0x0000000000000516       0x2e c:/users/admin/appdata/roaming/xpacks/@xpack-dev-tools/arm-none-eabi-gcc/12.2.1-1.2.1/.content/bin/../lib/gcc/arm-none-eabi/12.2.1/../../../../arm-none-eabi/lib/thumb/v7e-m/nofp\libg_nano.a(libc_a-lcltime_r.o)
 .ARM.attributes
                0x0000000000000544       0x2e c:/users/admin/appdata/roaming/xpacks/@xpack-dev-tools/arm-none-eabi-gcc/12.2.1-1.2.1/.content/bin/../lib/gcc/arm-none-eabi/12.2.1/../../../../arm-none-eabi/lib/thumb/v7e-m/nofp\libg_nano.a(libc_a-month_lengths.o)
 .ARM.attributes
                0x0000000000000572       0x2e c:/users/admin/appdata/roaming/xpacks/@xpack-dev-tools/arm-none-eabi-gcc/12.2.1-1.2.1/.content/bin/../lib/gcc/arm-none-eabi/12.2.1/../../../../arm-none-eabi/lib/thumb/v7e-m/nofp\libg_nano.a(libc_a-time.o)
 .ARM.attributes